 App

 Timestamp is 66a08642 (Wed Jul 24 12:42:42 2024)

 Preferred load address is 0000000140000000

 Start         Length     Name                   Class
 0001:00000000 0000a2f0H .text$mn                CODE
 0001:0000a2f0 00001040H .text$mn$00             CODE
 0001:0000b330 000016e0H .text$x                 CODE
 0001:0000ca10 00001020H .text$yd                CODE
 0002:00000000 00000110H .CRT$XCA                DATA
 0002:00000110 00000110H .CRT$XCAA               DATA
 0002:00000220 00000110H .CRT$XCZ                DATA
 0002:00000330 00000110H .CRT$XIA                DATA
 0002:00000440 00000110H .CRT$XIAA               DATA
 0002:00000550 00000110H .CRT$XIAC               DATA
 0002:00000660 00000110H .CRT$XIZ                DATA
 0002:00000770 00000008H .CRT$XLA                DATA
 0002:00000778 00000008H .CRT$XLZ                DATA
 0002:00000780 00000110H .CRT$XPA                DATA
 0002:00000890 00000110H .CRT$XPZ                DATA
 0002:000009a0 00000110H .CRT$XTA                DATA
 0002:00000ab0 00000110H .CRT$XTZ                DATA
 0002:00000bc0 00009a40H .rdata                  DATA
 0002:0000a600 00000200H .rdata$CastGuardVftablesA DATA
 0002:0000a800 000001a0H .rdata$CastGuardVftablesC DATA
 0002:0000a9a0 00000130H .rdata$T                DATA
 0002:0000aad0 000011e4H .rdata$r                DATA
 0002:0000bcb4 00000174H .rdata$zzzdbg           DATA
 0002:0000be28 00000110H .rtc$IAA                DATA
 0002:0000bf38 00000120H .rtc$IMZ                DATA
 0002:0000c058 00000110H .rtc$IZZ                DATA
 0002:0000c168 00000110H .rtc$TAA                DATA
 0002:0000c278 00000120H .rtc$TMZ                DATA
 0002:0000c398 00000110H .rtc$TZZ                DATA
 0002:0000c4a8 00000ef0H .xdata                  DATA
 0002:0000d398 0000020aH .xdata$x                DATA
 0002:0000d5a2 00000000H .edata                  DATA
 0003:00000000 000001c0H .data                   DATA
 0003:000001c0 000001a0H .data$r                 DATA
 0003:00000360 000004f0H .data$rs                DATA
 0003:00000850 00000871H .bss                    DATA
 0004:00000000 00000d08H .pdata                  DATA
 0005:00000000 000008a8H .idata$5                DATA
 0005:000008a8 0000008cH .idata$2                DATA
 0005:00000934 00000014H .idata$3                DATA
 0005:00000948 000008a8H .idata$4                DATA
 0005:000011f0 0000177fH .idata$6                DATA
 0006:00000000 00000104H .tls                    DATA
 0006:00000104 00000104H .tls$                   DATA
 0006:00000208 00000101H .tls$ZZZ                DATA
 0007:00000000 00000175H .00cfg                  DATA
 0008:00000000 000003a0H .rsrc$01                DATA
 0008:000003a0 0000a97cH .rsrc$02                DATA

  Address         Publics by Value              Rva+Base               Lib:Object

 0000:00000000       __AbsoluteZero             0000000000000000     <absolute>
 0000:00000000       ___safe_se_handler_count   0000000000000000     <absolute>
 0000:00000000       ___safe_se_handler_table   0000000000000000     <absolute>
 0000:00000000       __arm64x_extra_rfe_table   0000000000000000     <absolute>
 0000:00000000       __arm64x_extra_rfe_table_size 0000000000000000     <absolute>
 0000:00000000       __arm64x_native_entrypoint 0000000000000000     <absolute>
 0000:00000000       __arm64x_redirection_metadata 0000000000000000     <absolute>
 0000:00000000       __arm64x_redirection_metadata_count 0000000000000000     <absolute>
 0000:00000000       __dynamic_value_reloc_table 0000000000000000     <absolute>
 0000:00000000       __enclave_config           0000000000000000     <absolute>
 0000:00000000       __guard_check_icall_a64n_fptr 0000000000000000     <absolute>
 0000:00000000       __guard_eh_cont_count      0000000000000000     <absolute>
 0000:00000000       __guard_eh_cont_table      0000000000000000     <absolute>
 0000:00000000       __guard_fids_count         0000000000000000     <absolute>
 0000:00000000       __guard_fids_table         0000000000000000     <absolute>
 0000:00000000       __guard_iat_count          0000000000000000     <absolute>
 0000:00000000       __guard_iat_table          0000000000000000     <absolute>
 0000:00000000       __guard_longjmp_count      0000000000000000     <absolute>
 0000:00000000       __guard_longjmp_table      0000000000000000     <absolute>
 0000:00000000       __hybrid_auxiliary_delayload_iat 0000000000000000     <absolute>
 0000:00000000       __hybrid_auxiliary_delayload_iat_copy 0000000000000000     <absolute>
 0000:00000000       __hybrid_auxiliary_iat     0000000000000000     <absolute>
 0000:00000000       __hybrid_auxiliary_iat_copy 0000000000000000     <absolute>
 0000:00000000       __hybrid_code_map          0000000000000000     <absolute>
 0000:00000000       __hybrid_code_map_count    0000000000000000     <absolute>
 0000:00000000       __hybrid_image_info_bitfield 0000000000000000     <absolute>
 0000:00000000       __volatile_metadata        0000000000000000     <absolute>
 0000:00000000       __x64_code_ranges_to_entry_points 0000000000000000     <absolute>
 0000:00000000       __x64_code_ranges_to_entry_points_count 0000000000000000     <absolute>
 0000:00000100       __guard_flags              0000000000000100     <absolute>
 0000:00000000       __ImageBase                0000000140000000     <linker-defined>
 0001:000008a0       WinMain                    00000001400018a0 f   App.obj
 0001:00000a10       ??0CConfigurePageWnd@@QEAA@XZ 0000000140001a10 f i App.obj
 0001:00000a60       ??0CEditPageWnd@@QEAA@XZ   0000000140001a60 f i App.obj
 0001:00000ab0       ??0CFrameWindowWnd@@QEAA@XZ 0000000140001ab0 f i App.obj
 0001:00000b30       ??0CRegistersPageWnd@@QEAA@XZ 0000000140001b30 f i App.obj
 0001:00000bb0       ??0CReportsPageWnd@@QEAA@XZ 0000000140001bb0 f i App.obj
 0001:00000c00       ??0CSearchPageWnd@@QEAA@XZ 0000000140001c00 f i App.obj
 0001:00000c50       ??0CStandardPageWnd@@QEAA@XZ 0000000140001c50 f i App.obj
 0001:00000cd0       ??0CStartPageWnd@@QEAA@XZ  0000000140001cd0 f i App.obj
 0001:00000d20       ??0CSystemsPageWnd@@QEAA@XZ 0000000140001d20 f i App.obj
 0001:00000da0       ??0IListCallbackUI@@QEAA@XZ 0000000140001da0 f i App.obj
 0001:00000dd0       ??0INotifyUI@@QEAA@XZ      0000000140001dd0 f i App.obj
 0001:00000e00       ?GetClassStyle@CFrameWindowWnd@@UEBAIXZ 0000000140001e00 f i App.obj
 0001:00000e10       ?GetWindowClassName@CFrameWindowWnd@@UEBAPEB_WXZ 0000000140001e10 f i App.obj
 0001:00000e30       ?HandleMessage@CFrameWindowWnd@@UEAA_JI_K_J@Z 0000000140001e30 f i App.obj
 0001:000010b0       ?Notify@CFrameWindowWnd@@UEAAXAEAUtagTNotifyUI@@@Z 00000001400020b0 f i App.obj
 0001:00001220       ?OnFinalMessage@CFrameWindowWnd@@UEAAXPEAUHWND__@@@Z 0000000140002220 f i App.obj
 0001:00001260       ?_CreatePage@CFrameWindowWnd@@QEAAXVCStdString@@@Z 0000000140002260 f i App.obj
 0001:00001b60       ?GetClassStyle@CStandardPageWnd@@UEBAIXZ 0000000140002b60 f   Views.obj
 0001:00001b80       ?OnFinalMessage@CStandardPageWnd@@UEAAXPEAUHWND__@@@Z 0000000140002b80 f   Views.obj
 0001:00001bd0       ?HandleMessage@CStandardPageWnd@@UEAA_JI_K_J@Z 0000000140002bd0 f   Views.obj
 0001:00001e20       ?Init@CStandardPageWnd@@UEAAXXZ 0000000140002e20 f   Views.obj
 0001:00001e30       ?OnPrepareAnimation@CStandardPageWnd@@UEAAXXZ 0000000140002e30 f   Views.obj
 0001:00001e40       ?Notify@CStandardPageWnd@@UEAAXAEAUtagTNotifyUI@@@Z 0000000140002e40 f   Views.obj
 0001:00001ea0       ?GetWindowClassName@CStartPageWnd@@UEBAPEB_WXZ 0000000140002ea0 f   Views.obj
 0001:00001ec0       ?GetDialogResource@CStartPageWnd@@UEBAPEB_WXZ 0000000140002ec0 f   Views.obj
 0001:00001ee0       ?OnPrepareAnimation@CStartPageWnd@@UEAAXXZ 0000000140002ee0 f   Views.obj
 0001:00002420       ?Init@CStartPageWnd@@UEAAXXZ 0000000140003420 f   Views.obj
 0001:00002430       ?GetWindowClassName@CConfigurePageWnd@@UEBAPEB_WXZ 0000000140003430 f   Views.obj
 0001:00002450       ?GetDialogResource@CConfigurePageWnd@@UEBAPEB_WXZ 0000000140003450 f   Views.obj
 0001:00002470       ?OnPrepareAnimation@CConfigurePageWnd@@UEAAXXZ 0000000140003470 f   Views.obj
 0001:000025d0       ?GetWindowClassName@CRegistersPageWnd@@UEBAPEB_WXZ 00000001400035d0 f   Views.obj
 0001:000025f0       ?GetDialogResource@CRegistersPageWnd@@UEBAPEB_WXZ 00000001400035f0 f   Views.obj
 0001:00002610       ?OnPrepareAnimation@CRegistersPageWnd@@UEAAXXZ 0000000140003610 f   Views.obj
 0001:00002740       ?GetItemText@CRegistersPageWnd@@UEAAPEB_WPEAVCControlUI@@HH@Z 0000000140003740 f   Views.obj
 0001:00002890       ?CompareItem@CRegistersPageWnd@@UEAAHPEAVCControlUI@@00@Z 0000000140003890 f   Views.obj
 0001:000028b0       ?GetWindowClassName@CReportsPageWnd@@UEBAPEB_WXZ 00000001400038b0 f   Views.obj
 0001:000028d0       ?GetDialogResource@CReportsPageWnd@@UEBAPEB_WXZ 00000001400038d0 f   Views.obj
 0001:000028f0       ?OnPrepareAnimation@CReportsPageWnd@@UEAAXXZ 00000001400038f0 f   Views.obj
 0001:00002a30       ?GetWindowClassName@CSystemsPageWnd@@UEBAPEB_WXZ 0000000140003a30 f   Views.obj
 0001:00002a50       ?GetDialogResource@CSystemsPageWnd@@UEBAPEB_WXZ 0000000140003a50 f   Views.obj
 0001:00002a70       ?Notify@CSystemsPageWnd@@UEAAXAEAUtagTNotifyUI@@@Z 0000000140003a70 f   Views.obj
 0001:00002ae0       ?OnPrepareAnimation@CSystemsPageWnd@@UEAAXXZ 0000000140003ae0 f   Views.obj
 0001:00002b70       ?OnExpandItem@CSystemsPageWnd@@QEAAXPEAVCControlUI@@@Z 0000000140003b70 f   Views.obj
 0001:00002e60       ?GetItemText@CSystemsPageWnd@@UEAAPEB_WPEAVCControlUI@@HH@Z 0000000140003e60 f   Views.obj
 0001:00002f60       ?CompareItem@CSystemsPageWnd@@UEAAHPEAVCControlUI@@00@Z 0000000140003f60 f   Views.obj
 0001:00002f80       ?GetWindowClassName@CSearchPageWnd@@UEBAPEB_WXZ 0000000140003f80 f   Views.obj
 0001:00002fa0       ?GetDialogResource@CSearchPageWnd@@UEBAPEB_WXZ 0000000140003fa0 f   Views.obj
 0001:00002fc0       ?Notify@CSearchPageWnd@@UEAAXAEAUtagTNotifyUI@@@Z 0000000140003fc0 f   Views.obj
 0001:00003200       ?Init@CSearchPageWnd@@UEAAXXZ 0000000140004200 f   Views.obj
 0001:00003240       ?GetWindowClassName@CEditPageWnd@@UEBAPEB_WXZ 0000000140004240 f   Views.obj
 0001:00003260       ?GetDialogResource@CEditPageWnd@@UEBAPEB_WXZ 0000000140004260 f   Views.obj
 0001:00003280       ?Notify@CEditPageWnd@@UEAAXAEAUtagTNotifyUI@@@Z 0000000140004280 f   Views.obj
 0001:000035a0       ?OnPrepareAnimation@CEditPageWnd@@UEAAXXZ 00000001400045a0 f   Views.obj
 0001:000036e0       ?Init@CEditPageWnd@@UEAAXXZ 00000001400046e0 f   Views.obj
 0001:00003730       ?GetClassStyle@CPopupWnd@@UEBAIXZ 0000000140004730 f   Views.obj
 0001:00003750       ?GetWindowClassName@CPopupWnd@@UEBAPEB_WXZ 0000000140004750 f   Views.obj
 0001:00003770       ?GetDialogResource@CPopupWnd@@UEBAPEB_WXZ 0000000140004770 f   Views.obj
 0001:00003790       ?Notify@CPopupWnd@@UEAAXAEAUtagTNotifyUI@@@Z 0000000140004790 f   Views.obj
 0001:000037f0       ?Init@CPopupWnd@@UEAAXXZ   00000001400047f0 f   Views.obj
 0001:00003f60       ??0CPopupWnd@@QEAA@XZ      0000000140004f60 f i Views.obj
 0001:00003fb0       ??1CStandardPageWnd@@QEAA@XZ 0000000140004fb0 f i Views.obj
 0001:00003fe0       ??_ECListTextElementUI@@UEAAPEAXI@Z 0000000140004fe0 f i Views.obj
 0001:00003fe0       ??_GCListTextElementUI@@UEAAPEAXI@Z 0000000140004fe0 f i Views.obj
 0001:00004030       ??_GCStandardPageWnd@@QEAAPEAXI@Z 0000000140005030 f i Views.obj
 0001:00004080       ??_ECTextPanelUI@@UEAAPEAXI@Z 0000000140005080 f i Views.obj
 0001:00004080       ??_GCTextPanelUI@@UEAAPEAXI@Z 0000000140005080 f i Views.obj
 0001:000040ce       LoadLibraryW               00000001400050ce f   kernel32:KERNEL32.dll
 0001:000040d4       PostMessageW               00000001400050d4 f   user32:USER32.dll
 0001:000040da       PostQuitMessage            00000001400050da f   user32:USER32.dll
 0001:000040e0       MoveWindow                 00000001400050e0 f   user32:USER32.dll
 0001:000040e6       SetFocus                   00000001400050e6 f   user32:USER32.dll
 0001:000040ec       BeginPaint                 00000001400050ec f   user32:USER32.dll
 0001:000040f2       EndPaint                   00000001400050f2 f   user32:USER32.dll
 0001:000040f8       GetClientRect              00000001400050f8 f   user32:USER32.dll
 0001:000040fe       MessageBoxW                00000001400050fe f   user32:USER32.dll
 0001:00004104       CoUninitialize             0000000140005104 f   ole32:ole32.dll
 0001:0000410a       CoInitialize               000000014000510a f   ole32:ole32.dll
 0001:00004110       ??0CWindowWnd@@QEAA@XZ     0000000140005110 f   UIlib:UIlib.dll
 0001:00004116       ?Create@CWindowWnd@@QEAAPEAUHWND__@@PEAU2@PEB_WKKHHHHPEAUHMENU__@@@Z 0000000140005116 f   UIlib:UIlib.dll
 0001:0000411c       ?SetIcon@CWindowWnd@@QEAAXI@Z 000000014000511c f   UIlib:UIlib.dll
 0001:00004122       ?PostMessageW@CWindowWnd@@IEAA_JI_K_J@Z 0000000140005122 f   UIlib:UIlib.dll
 0001:00004128       ?HandleMessage@CWindowWnd@@MEAA_JI_K_J@Z 0000000140005128 f   UIlib:UIlib.dll
 0001:0000412e       ??0CStdString@@QEAA@PEB_WH@Z 000000014000512e f   UIlib:UIlib.dll
 0001:00004134       ??1CStdString@@UEAA@XZ     0000000140005134 f   UIlib:UIlib.dll
 0001:0000413a       ??8CStdString@@QEBA_NPEB_W@Z 000000014000513a f   UIlib:UIlib.dll
 0001:00004140       ??0CPaintManagerUI@@QEAA@XZ 0000000140005140 f   UIlib:UIlib.dll
 0001:00004146       ?SetResourceInstance@CPaintManagerUI@@SAXPEAUHINSTANCE__@@@Z 0000000140005146 f   UIlib:UIlib.dll
 0001:0000414c       ?AddNotifier@CPaintManagerUI@@QEAA_NPEAVINotifyUI@@@Z 000000014000514c f   UIlib:UIlib.dll
 0001:00004152       ?MessageLoop@CPaintManagerUI@@SAXXZ 0000000140005152 f   UIlib:UIlib.dll
 0001:00004158       ?GetSuperClassName@CWindowWnd@@MEBAPEB_WXZ 0000000140005158 f   UIlib:UIlib.dll
 0001:0000415e       ??0CRect@@QEAA@HHHH@Z      000000014000515e f   UIlib:UIlib.dll
 0001:00004164       ?ShowModal@CWindowWnd@@QEAA_NXZ 0000000140005164 f   UIlib:UIlib.dll
 0001:0000416a       ?Close@CWindowWnd@@QEAAXXZ 000000014000516a f   UIlib:UIlib.dll
 0001:00004170       ?CenterWindow@CWindowWnd@@QEAAXXZ 0000000140005170 f   UIlib:UIlib.dll
 0001:00004176       ?ResizeClient@CWindowWnd@@IEAAXHH@Z 0000000140005176 f   UIlib:UIlib.dll
 0001:0000417c       ??0CStdString@@QEAA@XZ     000000014000517c f   UIlib:UIlib.dll
 0001:00004182       ??BCStdString@@QEBAPEB_WXZ 0000000140005182 f   UIlib:UIlib.dll
 0001:00004188       ?Format@CStdString@@QEAAHPEB_WZZ 0000000140005188 f   UIlib:UIlib.dll
 0001:0000418e       ??0CAnimJobUI@@QEAA@W4UITYPE_ANIM@@KKKKUtagRECT@@HHHHM@Z 000000014000518e f   UIlib:UIlib.dll
 0001:00004194       ??1CPaintManagerUI@@QEAA@XZ 0000000140005194 f   UIlib:UIlib.dll
 0001:0000419a       ?Init@CPaintManagerUI@@QEAAXPEAUHWND__@@@Z 000000014000519a f   UIlib:UIlib.dll
 0001:000041a0       ?SetMinMaxInfo@CPaintManagerUI@@QEAAXHH@Z 00000001400051a0 f   UIlib:UIlib.dll
 0001:000041a6       ?GetThemeColor@CPaintManagerUI@@QEBAKW4UITYPE_COLOR@@@Z 00000001400051a6 f   UIlib:UIlib.dll
 0001:000041ac       ?AttachDialog@CPaintManagerUI@@QEAA_NPEAVCControlUI@@@Z 00000001400051ac f   UIlib:UIlib.dll
 0001:000041b2       ?AddAnimJob@CPaintManagerUI@@QEAA_NAEBVCAnimJobUI@@@Z 00000001400051b2 f   UIlib:UIlib.dll
 0001:000041b8       ?FindControl@CPaintManagerUI@@QEAAPEAVCControlUI@@PEB_W@Z 00000001400051b8 f   UIlib:UIlib.dll
 0001:000041be       ?MessageHandler@CPaintManagerUI@@QEAA_NI_K_JAEA_J@Z 00000001400051be f   UIlib:UIlib.dll
 0001:000041c4       ?ApplyAttributeList@CControlUI@@QEAAPEAV1@PEB_W@Z 00000001400051c4 f   UIlib:UIlib.dll
 0001:000041ca       ??0CListTextElementUI@@QEAA@XZ 00000001400051ca f   UIlib:UIlib.dll
 0001:000041d0       ??1CListTextElementUI@@UEAA@XZ 00000001400051d0 f   UIlib:UIlib.dll
 0001:000041d6       ??0CTextPanelUI@@QEAA@XZ   00000001400051d6 f   UIlib:UIlib.dll
 0001:000041dc       ??1CTextPanelUI@@UEAA@XZ   00000001400051dc f   UIlib:UIlib.dll
 0001:000041e2       ?Create@CDialogBuilder@@QEAAPEAVCControlUI@@PEB_WPEAVIDialogBuilderCallback@@@Z 00000001400051e2 f   UIlib:UIlib.dll
 0001:000041e8       ??0CDialogBuilder@@QEAA@XZ 00000001400051e8 f   UIlib:UIlib.dll
 0001:000041ee       ??1CDialogBuilder@@QEAA@XZ 00000001400051ee f   UIlib:UIlib.dll
 0001:000041f4       ?DoPaint@CTextPanelUI@@UEAAXPEAUHDC__@@AEBUtagRECT@@@Z 00000001400051f4 f   UIlib:UIlib.dll
 0001:000041fa       ?EstimateSize@CTextPanelUI@@UEAA?AUtagSIZE@@U2@@Z 00000001400051fa f   UIlib:UIlib.dll
 0001:00004200       ?GetClass@CTextPanelUI@@UEBAPEB_WXZ 0000000140005200 f   UIlib:UIlib.dll
 0001:00004206       ?SetAttribute@CTextPanelUI@@UEAAXPEB_W0@Z 0000000140005206 f   UIlib:UIlib.dll
 0001:0000420c       ?Event@CTextPanelUI@@UEAAXAEAUtagTEventUI@@@Z 000000014000520c f   UIlib:UIlib.dll
 0001:00004212       ?GetControlFlags@CTextPanelUI@@UEBAIXZ 0000000140005212 f   UIlib:UIlib.dll
 0001:00004218       ?Activate@CTextPanelUI@@UEAA_NXZ 0000000140005218 f   UIlib:UIlib.dll
 0001:0000421e       ?GetInterface@CControlUI@@UEAAPEAXPEB_W@Z 000000014000521e f   UIlib:UIlib.dll
 0001:00004224       ?DoPaint@CListTextElementUI@@UEAAXPEAUHDC__@@AEBUtagRECT@@@Z 0000000140005224 f   UIlib:UIlib.dll
 0001:0000422a       ?EstimateSize@CListTextElementUI@@UEAA?AUtagSIZE@@U2@@Z 000000014000522a f   UIlib:UIlib.dll
 0001:00004230       ?GetClass@CListTextElementUI@@UEBAPEB_WXZ 0000000140005230 f   UIlib:UIlib.dll
 0001:00004236       ?SetAttribute@CListLabelElementUI@@UEAAXPEB_W0@Z 0000000140005236 f   UIlib:UIlib.dll
 0001:0000423c       ?Event@CListTextElementUI@@UEAAXAEAUtagTEventUI@@@Z 000000014000523c f   UIlib:UIlib.dll
 0001:00004242       ?Init@CControlUI@@UEAAXXZ  0000000140005242 f   UIlib:UIlib.dll
 0001:00004248       ?GetControlFlags@CListTextElementUI@@UEBAIXZ 0000000140005248 f   UIlib:UIlib.dll
 0001:0000424e       ?SetPos@CControlUI@@UEAAXUtagRECT@@@Z 000000014000524e f   UIlib:UIlib.dll
 0001:00004254       ?SetManager@CControlUI@@UEAAXPEAVCPaintManagerUI@@PEAV1@@Z 0000000140005254 f   UIlib:UIlib.dll
 0001:0000425a       ?GetManager@CControlUI@@UEBAPEAVCPaintManagerUI@@XZ 000000014000525a f   UIlib:UIlib.dll
 0001:00004260       ?FindControl@CControlUI@@UEAAPEAV1@P6APEAV1@PEAV1@PEAX@Z1I@Z 0000000140005260 f   UIlib:UIlib.dll
 0001:00004266       ?SetEnabled@CControlUI@@UEAAX_N@Z 0000000140005266 f   UIlib:UIlib.dll
 0001:0000426c       ?SetVisible@CControlUI@@UEAAX_N@Z 000000014000526c f   UIlib:UIlib.dll
 0001:00004272       ?IsFocused@CControlUI@@UEBA_NXZ 0000000140005272 f   UIlib:UIlib.dll
 0001:00004278       ?IsEnabled@CControlUI@@UEBA_NXZ 0000000140005278 f   UIlib:UIlib.dll
 0001:0000427e       ?IsVisible@CControlUI@@UEBA_NXZ 000000014000527e f   UIlib:UIlib.dll
 0001:00004284       ?SetFocus@CControlUI@@UEAAXXZ 0000000140005284 f   UIlib:UIlib.dll
 0001:0000428a       ?SetTag@CControlUI@@UEAAX_K@Z 000000014000528a f   UIlib:UIlib.dll
 0001:00004290       ?GetTag@CControlUI@@UEBA_KXZ 0000000140005290 f   UIlib:UIlib.dll
 0001:00004296       ?SetShortcut@CControlUI@@UEAAX_W@Z 0000000140005296 f   UIlib:UIlib.dll
 0001:0000429c       ?GetShortcut@CControlUI@@UEBA_WXZ 000000014000529c f   UIlib:UIlib.dll
 0001:000042a2       ?SetToolTip@CControlUI@@UEAAXPEB_W@Z 00000001400052a2 f   UIlib:UIlib.dll
 0001:000042a8       ?GetToolTip@CControlUI@@UEBA?AVCStdString@@XZ 00000001400052a8 f   UIlib:UIlib.dll
 0001:000042ae       ?SetText@CControlUI@@UEAAXPEB_W@Z 00000001400052ae f   UIlib:UIlib.dll
 0001:000042b4       ?GetText@CControlUI@@UEBA?AVCStdString@@XZ 00000001400052b4 f   UIlib:UIlib.dll
 0001:000042ba       ?GetParent@CControlUI@@UEBAPEAV1@XZ 00000001400052ba f   UIlib:UIlib.dll
 0001:000042c0       ?Activate@CListElementUI@@UEAA_NXZ 00000001400052c0 f   UIlib:UIlib.dll
 0001:000042c6       ?GetInterface@CListElementUI@@UEAAPEAXPEB_W@Z 00000001400052c6 f   UIlib:UIlib.dll
 0001:000042cc       ?SetName@CControlUI@@UEAAXPEB_W@Z 00000001400052cc f   UIlib:UIlib.dll
 0001:000042d2       ?Notify@CControlUI@@UEAAXAEAUtagTNotifyUI@@@Z 00000001400052d2 f   UIlib:UIlib.dll
 0001:000042d8       ?GetName@CControlUI@@UEBA?AVCStdString@@XZ 00000001400052d8 f   UIlib:UIlib.dll
 0001:000042de       ?SetText@CLabelPanelUI@@UEAAXPEB_W@Z 00000001400052de f   UIlib:UIlib.dll
 0001:000042e4       ?GetPos@CControlUI@@UEBA?AUtagRECT@@XZ 00000001400052e4 f   UIlib:UIlib.dll
 0001:000042f0       ??2@YAPEAX_K@Z             00000001400052f0 f   MSVCRTD:new_scalar.obj
 0001:00004360       ??3@YAXPEAX_K@Z            0000000140005360 f   MSVCRTD:delete_scalar_size.obj
 0001:00004390       _RTC_AllocaHelper          0000000140005390 f   MSVCRTD:stack.obj
 0001:000043e0       _RTC_CheckStackVars        00000001400053e0 f   MSVCRTD:stack.obj
 0001:00004490       _RTC_CheckStackVars2       0000000140005490 f   MSVCRTD:stack.obj
 0001:000045e0       _CRT_RTC_INIT              00000001400055e0 f   MSVCRTD:init.obj
 0001:000045f0       _CRT_RTC_INITW             00000001400055f0 f   MSVCRTD:init.obj
 0001:00004600       _RTC_InitBase              0000000140005600 f   MSVCRTD:init.obj
 0001:00004650       _RTC_Shutdown              0000000140005650 f   MSVCRTD:init.obj
 0001:00004680       __GSHandlerCheck           0000000140005680 f   MSVCRTD:gshandler.obj
 0001:000046d0       __GSHandlerCheckCommon     00000001400056d0 f   MSVCRTD:gshandler.obj
 0001:00004820       __security_check_cookie    0000000140005820 f   MSVCRTD:amdsecgs.obj
 0001:00004850       ??1type_info@@UEAA@XZ      0000000140005850 f   MSVCRTD:std_type_info_static.obj
 0001:00004870       ??_Etype_info@@UEAAPEAXI@Z 0000000140005870 f i MSVCRTD:std_type_info_static.obj
 0001:00004870       ??_Gtype_info@@UEAAPEAXI@Z 0000000140005870 f i MSVCRTD:std_type_info_static.obj
 0001:000048c0       ?configure_argv@__scrt_narrow_argv_policy@@SAHXZ 00000001400058c0 f i MSVCRTD:utility.obj
 0001:000049e0       ?initialize_environment@__scrt_narrow_environment_policy@@SAHXZ 00000001400059e0 f i MSVCRTD:utility.obj
 0001:00004ab0       NtCurrentTeb               0000000140005ab0 f i MSVCRTD:utility.obj
 0001:00004ac0       __scrt_acquire_startup_lock 0000000140005ac0 f   MSVCRTD:utility.obj
 0001:00004b40       __scrt_dllmain_after_initialize_c 0000000140005b40 f   MSVCRTD:utility.obj
 0001:00004b80       __scrt_dllmain_before_initialize_c 0000000140005b80 f   MSVCRTD:utility.obj
 0001:00004bb0       __scrt_dllmain_crt_thread_attach 0000000140005bb0 f   MSVCRTD:utility.obj
 0001:00004bf0       __scrt_dllmain_crt_thread_detach 0000000140005bf0 f   MSVCRTD:utility.obj
 0001:00004c10       __scrt_dllmain_exception_filter 0000000140005c10 f   MSVCRTD:utility.obj
 0001:00004c90       __scrt_dllmain_uninitialize_c 0000000140005c90 f   MSVCRTD:utility.obj
 0001:00004cd0       __scrt_dllmain_uninitialize_critical 0000000140005cd0 f   MSVCRTD:utility.obj
 0001:00004cf0       __scrt_initialize_crt      0000000140005cf0 f   MSVCRTD:utility.obj
 0001:00004d50       __scrt_initialize_onexit_tables 0000000140005d50 f   MSVCRTD:utility.obj
 0001:00004ea0       __scrt_is_nonwritable_in_current_image 0000000140005ea0 f   MSVCRTD:utility.obj
 0001:00004f50       __scrt_release_startup_lock 0000000140005f50 f   MSVCRTD:utility.obj
 0001:00004f90       __scrt_uninitialize_crt    0000000140005f90 f   MSVCRTD:utility.obj
 0001:00004fe0       _onexit                    0000000140005fe0 f   MSVCRTD:utility.obj
 0001:00005080       at_quick_exit              0000000140006080 f   MSVCRTD:utility.obj
 0001:000050e0       atexit                     00000001400060e0 f   MSVCRTD:utility.obj
 0001:00005120       _Init_thread_abort         0000000140006120 f   MSVCRTD:thread_safe_statics.obj
 0001:00005160       _Init_thread_footer        0000000140006160 f   MSVCRTD:thread_safe_statics.obj
 0001:000051e0       _Init_thread_header        00000001400061e0 f   MSVCRTD:thread_safe_statics.obj
 0001:00005290       _Init_thread_lock          0000000140006290 f   MSVCRTD:thread_safe_statics.obj
 0001:000052b0       _Init_thread_notify        00000001400062b0 f   MSVCRTD:thread_safe_statics.obj
 0001:000052d0       _Init_thread_unlock        00000001400062d0 f   MSVCRTD:thread_safe_statics.obj
 0001:000052f0       _Init_thread_wait_v2       00000001400062f0 f   MSVCRTD:thread_safe_statics.obj
 0001:00005320       __GSHandlerCheck_EH4       0000000140006320 f   MSVCRTD:gshandlereh4.obj
 0001:000057b0       ?set_app_type@__scrt_winmain_policy@@SAXXZ 00000001400067b0 f i MSVCRTD:exe_winmain.obj
 0001:000057d0       ?set_commode@__scrt_file_policy@@SAXXZ 00000001400067d0 f i MSVCRTD:exe_winmain.obj
 0001:00005800       ?set_fmode@__scrt_file_policy@@SAXXZ 0000000140006800 f i MSVCRTD:exe_winmain.obj
 0001:00005820       WinMainCRTStartup          0000000140006820 f   MSVCRTD:exe_winmain.obj
 0001:00005840       ??0bad_alloc@std@@AEAA@QEBD@Z 0000000140006840 f i MSVCRTD:throw_bad_alloc.obj
 0001:00005890       ??0bad_alloc@std@@QEAA@AEBV01@@Z 0000000140006890 f i MSVCRTD:throw_bad_alloc.obj
 0001:000058e0       ??0bad_alloc@std@@QEAA@XZ  00000001400068e0 f i MSVCRTD:throw_bad_alloc.obj
 0001:00005930       ??0bad_array_new_length@std@@QEAA@AEBV01@@Z 0000000140006930 f i MSVCRTD:throw_bad_alloc.obj
 0001:00005980       ??0bad_array_new_length@std@@QEAA@XZ 0000000140006980 f i MSVCRTD:throw_bad_alloc.obj
 0001:000059c0       ??0exception@std@@QEAA@AEBV01@@Z 00000001400069c0 f i MSVCRTD:throw_bad_alloc.obj
 0001:00005a30       ??0exception@std@@QEAA@QEBDH@Z 0000000140006a30 f i MSVCRTD:throw_bad_alloc.obj
 0001:00005a90       ??1bad_alloc@std@@UEAA@XZ  0000000140006a90 f i MSVCRTD:throw_bad_alloc.obj
 0001:00005ab0       ??1bad_array_new_length@std@@UEAA@XZ 0000000140006ab0 f i MSVCRTD:throw_bad_alloc.obj
 0001:00005ad0       ??1exception@std@@UEAA@XZ  0000000140006ad0 f i MSVCRTD:throw_bad_alloc.obj
 0001:00005b10       ??_Ebad_alloc@std@@UEAAPEAXI@Z 0000000140006b10 f i MSVCRTD:throw_bad_alloc.obj
 0001:00005b10       ??_Gbad_alloc@std@@UEAAPEAXI@Z 0000000140006b10 f i MSVCRTD:throw_bad_alloc.obj
 0001:00005b60       ??_Ebad_array_new_length@std@@UEAAPEAXI@Z 0000000140006b60 f i MSVCRTD:throw_bad_alloc.obj
 0001:00005b60       ??_Gbad_array_new_length@std@@UEAAPEAXI@Z 0000000140006b60 f i MSVCRTD:throw_bad_alloc.obj
 0001:00005bb0       ??_Eexception@std@@UEAAPEAXI@Z 0000000140006bb0 f i MSVCRTD:throw_bad_alloc.obj
 0001:00005bb0       ??_Gexception@std@@UEAAPEAXI@Z 0000000140006bb0 f i MSVCRTD:throw_bad_alloc.obj
 0001:00005c00       ?__scrt_throw_std_bad_alloc@@YAXXZ 0000000140006c00 f   MSVCRTD:throw_bad_alloc.obj
 0001:00005c30       ?__scrt_throw_std_bad_array_new_length@@YAXXZ 0000000140006c30 f   MSVCRTD:throw_bad_alloc.obj
 0001:00005c60       ?what@exception@std@@UEBAPEBDXZ 0000000140006c60 f i MSVCRTD:throw_bad_alloc.obj
 0001:00005cb0       ??3@YAXPEAX@Z              0000000140006cb0 f   MSVCRTD:delete_scalar.obj
 0001:00005d90       ?_RTC_AllocaFailure@@YAXPEAXPEAU_RTC_ALLOCA_NODE@@H@Z 0000000140006d90 f   MSVCRTD:error.obj
 0001:00005f40       ?_RTC_Failure@@YAXPEAXH@Z  0000000140006f40 f   MSVCRTD:error.obj
 0001:00005fb0       ?_RTC_StackFailure@@YAXPEAXPEBD@Z 0000000140006fb0 f   MSVCRTD:error.obj
 0001:00006500       _RTC_UninitUse             0000000140007500 f   MSVCRTD:error.obj
 0001:00006600       __local_stdio_printf_options 0000000140007600 f i MSVCRTD:error.obj
 0001:00006610       _vsprintf_s_l              0000000140007610 f i MSVCRTD:error.obj
 0001:00006690       sprintf_s                  0000000140007690 f i MSVCRTD:error.obj
 0001:000066c0       ?_RTC_GetErrorFunc@@YAP6AHHPEBDH00ZZPEBX@Z 00000001400076c0 f   MSVCRTD:userapi.obj
 0001:000066d0       ?_RTC_GetErrorFuncW@@YAP6AHHPEB_WH00ZZPEBX@Z 00000001400076d0 f   MSVCRTD:userapi.obj
 0001:000066e0       _RTC_GetErrDesc            00000001400076e0 f   MSVCRTD:userapi.obj
 0001:00006700       _RTC_NumErrors             0000000140007700 f   MSVCRTD:userapi.obj
 0001:00006710       _RTC_SetErrorFunc          0000000140007710 f   MSVCRTD:userapi.obj
 0001:00006730       _RTC_SetErrorFuncW         0000000140007730 f   MSVCRTD:userapi.obj
 0001:00006750       _RTC_SetErrorType          0000000140007750 f   MSVCRTD:userapi.obj
 0001:00006780       __raise_securityfailure    0000000140007780 f   MSVCRTD:gs_report.obj
 0001:000067d0       __report_gsfailure         00000001400077d0 f   MSVCRTD:gs_report.obj
 0001:000068e0       __report_rangecheckfailure 00000001400078e0 f   MSVCRTD:gs_report.obj
 0001:00006900       __report_securityfailure   0000000140007900 f   MSVCRTD:gs_report.obj
 0001:000069d0       __report_securityfailureEx 00000001400079d0 f   MSVCRTD:gs_report.obj
 0001:00006cd0       __isa_available_init       0000000140007cd0 f   MSVCRTD:cpu_disp.obj
 0001:00007300       _get_startup_argv_mode     0000000140008300 f   MSVCRTD:argv_mode.obj
 0001:00007310       __scrt_is_ucrt_dll_in_use  0000000140008310 f   MSVCRTD:ucrt_detection.obj
 0001:00007340       __crt_debugger_hook        0000000140008340 f   MSVCRTD:utility_desktop.obj
 0001:00007360       __scrt_fastfail            0000000140008360 f   MSVCRTD:utility_desktop.obj
 0001:00007560       __scrt_get_show_window_mode 0000000140008560 f   MSVCRTD:utility_desktop.obj
 0001:000075d0       __scrt_initialize_mta      00000001400085d0 f   MSVCRTD:utility_desktop.obj
 0001:000075f0       __scrt_initialize_winrt    00000001400085f0 f   MSVCRTD:utility_desktop.obj
 0001:00007600       __scrt_is_managed_app      0000000140008600 f   MSVCRTD:utility_desktop.obj
 0001:000076d0       __scrt_set_unhandled_exception_filter 00000001400086d0 f   MSVCRTD:utility_desktop.obj
 0001:000076f0       __scrt_exe_initialize_mta  00000001400086f0 f   MSVCRTD:utility_desktop.obj
 0001:000076f0       __scrt_stub_for_initialize_mta 00000001400086f0 f   MSVCRTD:utility_desktop.obj
 0001:00007700       __scrt_unhandled_exception_filter 0000000140008700 f   MSVCRTD:utility_desktop.obj
 0001:000077d0       _guard_check_icall_nop     00000001400087d0 f i MSVCRTD:guard_support.obj
 0001:000077e0       ReadNoFence64              00000001400087e0 f i MSVCRTD:guard_support.obj
 0001:00007810       ReadPointerNoFence         0000000140008810 f i MSVCRTD:guard_support.obj
 0001:00007830       __castguard_check_failure_debugbreak 0000000140008830 f i MSVCRTD:guard_support.obj
 0001:00007860       __castguard_check_failure_fastfail 0000000140008860 f i MSVCRTD:guard_support.obj
 0001:00007890       __castguard_check_failure_nop 0000000140008890 f i MSVCRTD:guard_support.obj
 0001:000078a0       __castguard_check_failure_os_handled 00000001400088a0 f i MSVCRTD:guard_support.obj
 0001:00007910       __castguard_check_failure_user_handled 0000000140008910 f i MSVCRTD:guard_support.obj
 0001:00007a30       __castguard_set_user_handler 0000000140008a30 f i MSVCRTD:guard_support.obj
 0001:00007a60       __castguard_slow_path_check_debugbreak 0000000140008a60 f i MSVCRTD:guard_support.obj
 0001:00007ab0       __castguard_slow_path_check_fastfail 0000000140008ab0 f i MSVCRTD:guard_support.obj
 0001:00007b10       __castguard_slow_path_check_nop 0000000140008b10 f i MSVCRTD:guard_support.obj
 0001:00007b30       __castguard_slow_path_check_os_handled 0000000140008b30 f i MSVCRTD:guard_support.obj
 0001:00007b90       __castguard_slow_path_check_user_handled 0000000140008b90 f i MSVCRTD:guard_support.obj
 0001:00007c80       _guard_icall_checks_enforced 0000000140008c80 f i MSVCRTD:guard_support.obj
 0001:00007cd0       _guard_rf_checks_enforced  0000000140008cd0 f i MSVCRTD:guard_support.obj
 0001:00007dd0       __security_init_cookie     0000000140008dd0 f   MSVCRTD:gs_support.obj
 0001:00007e70       _matherr                   0000000140008e70 f   MSVCRTD:matherr.obj
 0001:00007e80       _get_startup_commit_mode   0000000140008e80 f   MSVCRTD:commit_mode.obj
 0001:00007e90       _get_startup_file_mode     0000000140008e90 f   MSVCRTD:file_mode.obj
 0001:00007ea0       _get_startup_new_mode      0000000140008ea0 f   MSVCRTD:new_mode.obj
 0001:00007eb0       _get_startup_thread_locale_mode 0000000140008eb0 f   MSVCRTD:thread_locale.obj
 0001:00007ec0       ?__scrt_initialize_type_info@@YAXXZ 0000000140008ec0 f   MSVCRTD:tncleanup.obj
 0001:00007ee0       ?__scrt_uninitialize_type_info@@YAXXZ 0000000140008ee0 f   MSVCRTD:tncleanup.obj
 0001:00007f00       _should_initialize_environment 0000000140008f00 f   MSVCRTD:env_mode.obj
 0001:00007f10       _initialize_invalid_parameter_handler 0000000140008f10 f   MSVCRTD:invalid_parameter_handler.obj
 0001:00007f20       _initialize_denormal_control 0000000140008f20 f   MSVCRTD:denormal_control.obj
 0001:00007f30       __local_stdio_scanf_options 0000000140008f30 f i MSVCRTD:default_local_stdio_options.obj
 0001:00007f40       __scrt_initialize_default_local_stdio_options 0000000140008f40 f   MSVCRTD:default_local_stdio_options.obj
 0001:00007fa0       __scrt_is_user_matherr_present 0000000140008fa0 f   MSVCRTD:matherr_detection.obj
 0001:00007fd0       __scrt_get_dyn_tls_init_callback 0000000140008fd0 f   MSVCRTD:dyn_tls_init.obj
 0001:00007fe0       __scrt_get_dyn_tls_dtor_callback 0000000140008fe0 f   MSVCRTD:dyn_tls_dtor.obj
 0001:00007ff0       _RTC_Initialize            0000000140008ff0 f   MSVCRTD:initsect.obj
 0001:00008050       _RTC_Terminate             0000000140009050 f   MSVCRTD:initsect.obj
 0001:00008720       ?_RTC_GetSrcLine@@YAHPEAEPEA_WKPEAH1K@Z 0000000140009720 f   MSVCRTD:pdblkup.obj
 0001:00008be0       _purecall                  0000000140009be0 f   vcruntimed:VCRUNTIME140D.dll
 0001:00008be6       __CxxFrameHandler4         0000000140009be6 f   vcruntimed:VCRUNTIME140_1D.dll
 0001:00008bec       __C_specific_handler       0000000140009bec f   vcruntimed:VCRUNTIME140D.dll
 0001:00008bf2       __std_exception_copy       0000000140009bf2 f   vcruntimed:VCRUNTIME140D.dll
 0001:00008bf8       __std_exception_destroy    0000000140009bf8 f   vcruntimed:VCRUNTIME140D.dll
 0001:00008bfe       _CxxThrowException         0000000140009bfe f   vcruntimed:VCRUNTIME140D.dll
 0001:00008c04       __C_specific_handler_noexcept 0000000140009c04 f   vcruntimed:VCRUNTIME140D.dll
 0001:00008c0a       __current_exception        0000000140009c0a f   vcruntimed:VCRUNTIME140D.dll
 0001:00008c10       __current_exception_context 0000000140009c10 f   vcruntimed:VCRUNTIME140D.dll
 0001:00008c16       __std_type_info_destroy_list 0000000140009c16 f   vcruntimed:VCRUNTIME140D.dll
 0001:00008c1c       __vcrt_GetModuleFileNameW  0000000140009c1c f   vcruntimed:VCRUNTIME140D.dll
 0001:00008c22       __vcrt_GetModuleHandleW    0000000140009c22 f   vcruntimed:VCRUNTIME140D.dll
 0001:00008c28       __vcrt_LoadLibraryExW      0000000140009c28 f   vcruntimed:VCRUNTIME140D.dll
 0001:00008c2e       _CrtDbgReportW             0000000140009c2e f   ucrtd:ucrtbased.dll
 0001:00008c34       _callnewh                  0000000140009c34 f   ucrtd:ucrtbased.dll
 0001:00008c3a       malloc                     0000000140009c3a f   ucrtd:ucrtbased.dll
 0001:00008c40       _CrtDbgReport              0000000140009c40 f   ucrtd:ucrtbased.dll
 0001:00008c46       _seh_filter_dll            0000000140009c46 f   ucrtd:ucrtbased.dll
 0001:00008c4c       _configure_narrow_argv     0000000140009c4c f   ucrtd:ucrtbased.dll
 0001:00008c52       _initialize_narrow_environment 0000000140009c52 f   ucrtd:ucrtbased.dll
 0001:00008c58       _initialize_onexit_table   0000000140009c58 f   ucrtd:ucrtbased.dll
 0001:00008c5e       _register_onexit_function  0000000140009c5e f   ucrtd:ucrtbased.dll
 0001:00008c64       _execute_onexit_table      0000000140009c64 f   ucrtd:ucrtbased.dll
 0001:00008c6a       _crt_atexit                0000000140009c6a f   ucrtd:ucrtbased.dll
 0001:00008c70       _crt_at_quick_exit         0000000140009c70 f   ucrtd:ucrtbased.dll
 0001:00008c76       _cexit                     0000000140009c76 f   ucrtd:ucrtbased.dll
 0001:00008c7c       _seh_filter_exe            0000000140009c7c f   ucrtd:ucrtbased.dll
 0001:00008c82       _set_app_type              0000000140009c82 f   ucrtd:ucrtbased.dll
 0001:00008c88       __setusermatherr           0000000140009c88 f   ucrtd:ucrtbased.dll
 0001:00008c8e       _get_narrow_winmain_command_line 0000000140009c8e f   ucrtd:ucrtbased.dll
 0001:00008c94       _initterm                  0000000140009c94 f   ucrtd:ucrtbased.dll
 0001:00008c9a       _initterm_e                0000000140009c9a f   ucrtd:ucrtbased.dll
 0001:00008ca0       exit                       0000000140009ca0 f   ucrtd:ucrtbased.dll
 0001:00008ca6       _exit                      0000000140009ca6 f   ucrtd:ucrtbased.dll
 0001:00008cac       _set_fmode                 0000000140009cac f   ucrtd:ucrtbased.dll
 0001:00008cb2       _c_exit                    0000000140009cb2 f   ucrtd:ucrtbased.dll
 0001:00008cb8       _register_thread_local_exe_atexit_callback 0000000140009cb8 f   ucrtd:ucrtbased.dll
 0001:00008cbe       _configthreadlocale        0000000140009cbe f   ucrtd:ucrtbased.dll
 0001:00008cc4       _set_new_mode              0000000140009cc4 f   ucrtd:ucrtbased.dll
 0001:00008cca       __p__commode               0000000140009cca f   ucrtd:ucrtbased.dll
 0001:00008cd0       _free_dbg                  0000000140009cd0 f   ucrtd:ucrtbased.dll
 0001:00008cd6       strcpy_s                   0000000140009cd6 f   ucrtd:ucrtbased.dll
 0001:00008cdc       strcat_s                   0000000140009cdc f   ucrtd:ucrtbased.dll
 0001:00008ce2       __stdio_common_vsprintf_s  0000000140009ce2 f   ucrtd:ucrtbased.dll
 0001:00008ce8       terminate                  0000000140009ce8 f   ucrtd:ucrtbased.dll
 0001:00008cee       _wmakepath_s               0000000140009cee f   ucrtd:ucrtbased.dll
 0001:00008cf4       _wsplitpath_s              0000000140009cf4 f   ucrtd:ucrtbased.dll
 0001:00008cfa       wcscpy_s                   0000000140009cfa f   ucrtd:ucrtbased.dll
 0001:00008d00       ReleaseSRWLockExclusive    0000000140009d00 f   kernel32:KERNEL32.dll
 0001:00008d06       AcquireSRWLockExclusive    0000000140009d06 f   kernel32:KERNEL32.dll
 0001:00008d0c       WakeAllConditionVariable   0000000140009d0c f   kernel32:KERNEL32.dll
 0001:00008d12       SleepConditionVariableSRW  0000000140009d12 f   kernel32:KERNEL32.dll
 0001:00008d18       IsDebuggerPresent          0000000140009d18 f   kernel32:KERNEL32.dll
 0001:00008d1e       RaiseException             0000000140009d1e f   kernel32:KERNEL32.dll
 0001:00008d24       MultiByteToWideChar        0000000140009d24 f   kernel32:KERNEL32.dll
 0001:00008d2a       WideCharToMultiByte        0000000140009d2a f   kernel32:KERNEL32.dll
 0001:00008d30       RtlCaptureContext          0000000140009d30 f   kernel32:KERNEL32.dll
 0001:00008d36       RtlLookupFunctionEntry     0000000140009d36 f   kernel32:KERNEL32.dll
 0001:00008d3c       RtlVirtualUnwind           0000000140009d3c f   kernel32:KERNEL32.dll
 0001:00008d42       UnhandledExceptionFilter   0000000140009d42 f   kernel32:KERNEL32.dll
 0001:00008d48       SetUnhandledExceptionFilter 0000000140009d48 f   kernel32:KERNEL32.dll
 0001:00008d4e       GetCurrentProcess          0000000140009d4e f   kernel32:KERNEL32.dll
 0001:00008d54       TerminateProcess           0000000140009d54 f   kernel32:KERNEL32.dll
 0001:00008d5a       IsProcessorFeaturePresent  0000000140009d5a f   kernel32:KERNEL32.dll
 0001:00008d60       GetStartupInfoW            0000000140009d60 f   kernel32:KERNEL32.dll
 0001:00008d66       GetModuleHandleW           0000000140009d66 f   kernel32:KERNEL32.dll
 0001:00008d6c       QueryPerformanceCounter    0000000140009d6c f   kernel32:KERNEL32.dll
 0001:00008d72       GetCurrentProcessId        0000000140009d72 f   kernel32:KERNEL32.dll
 0001:00008d78       GetCurrentThreadId         0000000140009d78 f   kernel32:KERNEL32.dll
 0001:00008d7e       GetSystemTimeAsFileTime    0000000140009d7e f   kernel32:KERNEL32.dll
 0001:00008d84       InitializeSListHead        0000000140009d84 f   kernel32:KERNEL32.dll
 0001:00008d8a       GetLastError               0000000140009d8a f   kernel32:KERNEL32.dll
 0001:00008d90       HeapAlloc                  0000000140009d90 f   kernel32:KERNEL32.dll
 0001:00008d96       HeapFree                   0000000140009d96 f   kernel32:KERNEL32.dll
 0001:00008d9c       GetProcessHeap             0000000140009d9c f   kernel32:KERNEL32.dll
 0001:00008da2       VirtualQuery               0000000140009da2 f   kernel32:KERNEL32.dll
 0001:00008da8       FreeLibrary                0000000140009da8 f   kernel32:KERNEL32.dll
 0001:00008dae       GetProcAddress             0000000140009dae f   kernel32:KERNEL32.dll
 0001:00008dc0       __acrt_initialize          0000000140009dc0 f   MSVCRTD:ucrt_stubs.obj
 0001:00008dc0       __scrt_stub_for_acrt_initialize 0000000140009dc0 f   MSVCRTD:ucrt_stubs.obj
 0001:00008dc0       __vcrt_initialize          0000000140009dc0 f   MSVCRTD:ucrt_stubs.obj
 0001:00008dd0       __acrt_thread_attach       0000000140009dd0 f   MSVCRTD:ucrt_stubs.obj
 0001:00008dd0       __scrt_stub_for_acrt_thread_attach 0000000140009dd0 f   MSVCRTD:ucrt_stubs.obj
 0001:00008dd0       __vcrt_thread_attach       0000000140009dd0 f   MSVCRTD:ucrt_stubs.obj
 0001:00008de0       __acrt_thread_detach       0000000140009de0 f   MSVCRTD:ucrt_stubs.obj
 0001:00008de0       __scrt_stub_for_acrt_thread_detach 0000000140009de0 f   MSVCRTD:ucrt_stubs.obj
 0001:00008de0       __vcrt_thread_detach       0000000140009de0 f   MSVCRTD:ucrt_stubs.obj
 0001:00008df0       __acrt_uninitialize        0000000140009df0 f   MSVCRTD:ucrt_stubs.obj
 0001:00008df0       __scrt_stub_for_acrt_uninitialize 0000000140009df0 f   MSVCRTD:ucrt_stubs.obj
 0001:00008df0       __vcrt_uninitialize        0000000140009df0 f   MSVCRTD:ucrt_stubs.obj
 0001:00008e00       __acrt_uninitialize_critical 0000000140009e00 f   MSVCRTD:ucrt_stubs.obj
 0001:00008e00       __scrt_stub_for_acrt_uninitialize_critical 0000000140009e00 f   MSVCRTD:ucrt_stubs.obj
 0001:00008e00       __vcrt_uninitialize_critical 0000000140009e00 f   MSVCRTD:ucrt_stubs.obj
 0001:00008e10       __scrt_stub_for_is_c_termination_complete 0000000140009e10 f   MSVCRTD:ucrt_stubs.obj
 0001:00008e10       _is_c_termination_complete 0000000140009e10 f   MSVCRTD:ucrt_stubs.obj
 0001:00008e13       memcpy                     0000000140009e13 f   vcruntimed:VCRUNTIME140D.dll
 0001:0000a300       _guard_dispatch_icall_nop  000000014000b300 f   MSVCRTD:guard_dispatch.obj
 0001:0000a320       _guard_xfg_dispatch_icall_nop 000000014000b320 f   MSVCRTD:guard_xfg_dispatch.obj
 0002:00000000       __xc_a                     000000014000f000     MSVCRTD:initializers.obj
 0002:00000220       __xc_z                     000000014000f220     MSVCRTD:initializers.obj
 0002:00000330       __xi_a                     000000014000f330     MSVCRTD:initializers.obj
 0002:00000660       __xi_z                     000000014000f660     MSVCRTD:initializers.obj
 0002:00000770       __xl_a                     000000014000f770     MSVCRTD:tlssup.obj
 0002:00000778       __xl_z                     000000014000f778     MSVCRTD:tlssup.obj
 0002:00000780       __xp_a                     000000014000f780     MSVCRTD:initializers.obj
 0002:00000890       __xp_z                     000000014000f890     MSVCRTD:initializers.obj
 0002:000009a0       __xt_a                     000000014000f9a0     MSVCRTD:initializers.obj
 0002:00000ab0       __xt_z                     000000014000fab0     MSVCRTD:initializers.obj
 0002:00000d68       ??_7INotifyUI@@6B@         000000014000fd68     App.obj
 0002:00000d80       ??_7IListCallbackUI@@6B@   000000014000fd80     App.obj
 0002:00000da0       ??_7CStandardPageWnd@@6BCWindowWnd@@@ 000000014000fda0     App.obj
 0002:00000df8       ??_7CStandardPageWnd@@6BINotifyUI@@@ 000000014000fdf8     App.obj
 0002:00000e10       ??_7CStartPageWnd@@6BCWindowWnd@@@ 000000014000fe10     App.obj
 0002:00000e68       ??_7CStartPageWnd@@6BINotifyUI@@@ 000000014000fe68     App.obj
 0002:00000e80       ??_7CConfigurePageWnd@@6BCWindowWnd@@@ 000000014000fe80     App.obj
 0002:00000ed8       ??_7CConfigurePageWnd@@6BINotifyUI@@@ 000000014000fed8     App.obj
 0002:00000ef0       ??_7CRegistersPageWnd@@6BCWindowWnd@@@ 000000014000fef0     App.obj
 0002:00000f48       ??_7CRegistersPageWnd@@6BINotifyUI@@@ 000000014000ff48     App.obj
 0002:00000f60       ??_7CRegistersPageWnd@@6B@ 000000014000ff60     App.obj
 0002:00000f80       ??_7CReportsPageWnd@@6BCWindowWnd@@@ 000000014000ff80     App.obj
 0002:00000fd8       ??_7CReportsPageWnd@@6BINotifyUI@@@ 000000014000ffd8     App.obj
 0002:00000ff0       ??_7CSystemsPageWnd@@6BCWindowWnd@@@ 000000014000fff0     App.obj
 0002:00001048       ??_7CSystemsPageWnd@@6BINotifyUI@@@ 0000000140010048     App.obj
 0002:00001060       ??_7CSystemsPageWnd@@6B@   0000000140010060     App.obj
 0002:00001080       ??_7CSearchPageWnd@@6BCWindowWnd@@@ 0000000140010080     App.obj
 0002:000010d8       ??_7CSearchPageWnd@@6BINotifyUI@@@ 00000001400100d8     App.obj
 0002:000010f0       ??_7CEditPageWnd@@6BCWindowWnd@@@ 00000001400100f0     App.obj
 0002:00001148       ??_7CEditPageWnd@@6BINotifyUI@@@ 0000000140010148     App.obj
 0002:00001160       ??_7CFrameWindowWnd@@6BCWindowWnd@@@ 0000000140010160     App.obj
 0002:000011a0       ??_7CFrameWindowWnd@@6BINotifyUI@@@ 00000001400101a0     App.obj
 0002:000011b0       ??_C@_1BI@CIPCFHPH@?$AAU?$AAI?$AAM?$AAa?$AAi?$AAn?$AAF?$AAr?$AAa?$AAm?$AAe@ 00000001400101b0     App.obj
 0002:000011d0       ??_C@_1M@LNNONFPA@?$AAc?$AAl?$AAi?$AAc?$AAk@ 00000001400101d0     App.obj
 0002:000011e0       ??_C@_19MGNDNGMP@?$AAl?$AAi?$AAn?$AAk@ 00000001400101e0     App.obj
 0002:000011f0       ??_C@_1BK@NCDHHILC@?$AAi?$AAt?$AAe?$AAm?$AAa?$AAc?$AAt?$AAi?$AAv?$AAa?$AAt?$AAe@ 00000001400101f0     App.obj
 0002:00001210       ??_C@_1BI@KDDJBNLD@?$AAp?$AAa?$AAg?$AAe?$AA_?$AAs?$AAe?$AAa?$AAr?$AAc?$AAh@ 0000000140010210     App.obj
 0002:00001230       ??_C@_1BG@NAHBNOAN@?$AAp?$AAa?$AAg?$AAe?$AA_?$AAs?$AAt?$AAa?$AAr?$AAt@ 0000000140010230     App.obj
 0002:00001250       ??_C@_1BO@OEBKFLPO@?$AAp?$AAa?$AAg?$AAe?$AA_?$AAc?$AAo?$AAn?$AAf?$AAi?$AAg?$AAu?$AAr?$AAe@ 0000000140010250     App.obj
 0002:00001278       ??_C@_1BK@PKOEPEOG@?$AAp?$AAa?$AAg?$AAe?$AA_?$AAr?$AAe?$AAp?$AAo?$AAr?$AAt?$AAs@ 0000000140010278     App.obj
 0002:00001298       ??_C@_1BK@OCLMALLI@?$AAp?$AAa?$AAg?$AAe?$AA_?$AAs?$AAy?$AAs?$AAt?$AAe?$AAm?$AAs@ 0000000140010298     App.obj
 0002:000012b8       ??_C@_1BO@NLKOLCCE@?$AAp?$AAa?$AAg?$AAe?$AA_?$AAr?$AAe?$AAg?$AAi?$AAs?$AAt?$AAe?$AAr?$AAs@ 00000001400102b8     App.obj
 0002:000012e0       ??_C@_1BG@NJDOBJLI@?$AAl?$AAi?$AAn?$AAk?$AA_?$AAs?$AAt?$AAa?$AAr?$AAt@ 00000001400102e0     App.obj
 0002:00001300       ??_C@_1BO@IAKIPIPA@?$AAl?$AAi?$AAn?$AAk?$AA_?$AAc?$AAo?$AAn?$AAf?$AAi?$AAg?$AAu?$AAr?$AAe@ 0000000140010300     App.obj
 0002:00001328       ??_C@_1BK@EKJFCBOF@?$AAl?$AAi?$AAn?$AAk?$AA_?$AAr?$AAe?$AAp?$AAo?$AAr?$AAt?$AAs@ 0000000140010328     App.obj
 0002:00001348       ??_C@_1BK@FCMNNOLL@?$AAl?$AAi?$AAn?$AAk?$AA_?$AAs?$AAy?$AAs?$AAt?$AAe?$AAm?$AAs@ 0000000140010348     App.obj
 0002:00001368       ??_C@_1BO@LPBMBBCK@?$AAl?$AAi?$AAn?$AAk?$AA_?$AAr?$AAe?$AAg?$AAi?$AAs?$AAt?$AAe?$AAr?$AAs@ 0000000140010368     App.obj
 0002:00001390       ??_C@_1BE@BNJBBIBM@?$AAp?$AAa?$AAg?$AAe?$AA_?$AAe?$AAd?$AAi?$AAt@ 0000000140010390     App.obj
 0002:00009498       ??_SCListTextElementUI@@6BCControlUI@@@ 0000000140018498     Views.obj
 0002:000095e0       ??_SCTextPanelUI@@6B@      00000001400185e0     Views.obj
 0002:00009728       ??_7CPopupWnd@@6BCWindowWnd@@@ 0000000140018728     Views.obj
 0002:00009780       ??_7CPopupWnd@@6BINotifyUI@@@ 0000000140018780     Views.obj
 0002:0000978c       __real@3dcccccd            000000014001878c     Views.obj
 0002:00009790       __real@3e99999a            0000000140018790     Views.obj
 0002:000097a0       ??_7type_info@@6B@         00000001400187a0     MSVCRTD:std_type_info_static.obj
 0002:000097b8       ??_7exception@std@@6B@     00000001400187b8     MSVCRTD:throw_bad_alloc.obj
 0002:000097d0       ??_C@_0BC@EOODALEL@Unknown?5exception@ 00000001400187d0     MSVCRTD:throw_bad_alloc.obj
 0002:000097f0       ??_7bad_alloc@std@@6B@     00000001400187f0     MSVCRTD:throw_bad_alloc.obj
 0002:00009808       ??_C@_0P@GHFPNOJB@bad?5allocation@ 0000000140018808     MSVCRTD:throw_bad_alloc.obj
 0002:00009828       ??_7bad_array_new_length@std@@6B@ 0000000140018828     MSVCRTD:throw_bad_alloc.obj
 0002:00009840       ??_C@_0BF@KINCDENJ@bad?5array?5new?5length@ 0000000140018840     MSVCRTD:throw_bad_alloc.obj
 0002:00009940       ??_C@_0NN@JMPELKLB@The?5value?5of?5ESP?5was?5not?5proper@ 0000000140018940     MSVCRTD:error.obj
 0002:00009a50       ??_C@_0BBN@ELNNILBE@A?5cast?5to?5a?5smaller?5data?5type?5h@ 0000000140018a50     MSVCRTD:error.obj
 0002:00009ba8       ??_C@_0BN@BPOGFMJL@Stack?5memory?5was?5corrupted?$AN?6@ 0000000140018ba8     MSVCRTD:error.obj
 0002:00009bd0       ??_C@_0DG@DAJCDLPN@A?5local?5variable?5was?5used?5befor@ 0000000140018bd0     MSVCRTD:error.obj
 0002:00009c10       ??_C@_0CM@JMIDGKLA@Stack?5memory?5around?5_alloca?5was@ 0000000140018c10     MSVCRTD:error.obj
 0002:00009c48       ??_C@_0BO@CHIONIOI@Unknown?5Runtime?5Check?5Error?$AN?6@ 0000000140018c48     MSVCRTD:error.obj
 0002:00009c70       ??_C@_1GM@CNOOJIHC@?$AAR?$AAu?$AAn?$AAt?$AAi?$AAm?$AAe?$AA?5?$AAC?$AAh?$AAe?$AAc?$AAk?$AA?5?$AAE@ 0000000140018c70     MSVCRTD:error.obj
 0002:00009d00       ??_C@_1EA@NFKNIFJP@?$AAR?$AAu?$AAn?$AA?9?$AAT?$AAi?$AAm?$AAe?$AA?5?$AAC?$AAh?$AAe?$AAc?$AAk?$AA?5@ 0000000140018d00     MSVCRTD:error.obj
 0002:00009d50       ??_C@_0BB@PFFGGCJP@Unknown?5Filename@ 0000000140018d50     MSVCRTD:error.obj
 0002:00009d68       ??_C@_0BE@GNBOBNCK@Unknown?5Module?5Name@ 0000000140018d68     MSVCRTD:error.obj
 0002:00009d80       ??_C@_0CA@IODNCDPG@Run?9Time?5Check?5Failure?5?$CD?$CFd?5?9?5?$CFs@ 0000000140018d80     MSVCRTD:error.obj
 0002:00009da8       ??_C@_0CG@IAFNJNEE@Stack?5corrupted?5near?5unknown?5va@ 0000000140018da8     MSVCRTD:error.obj
 0002:00009dd8       ??_C@_05MKKEDADM@?$CF?42X?5@ 0000000140018dd8     MSVCRTD:error.obj
 0002:00009de0       ??_C@_0EJ@LJKNEOLN@Stack?5area?5around?5_alloca?5memor@ 0000000140018de0     MSVCRTD:error.obj
 0002:00009e38       ??_C@_01EEMJAFIK@?6@       0000000140018e38     MSVCRTD:error.obj
 0002:00009e3c       ??_C@_02LLMPMKNF@?$DO?5@   0000000140018e3c     MSVCRTD:error.obj
 0002:00009e40       ??_C@_08OMAHNMHJ@?6Data?3?5?$DM@ 0000000140018e40     MSVCRTD:error.obj
 0002:00009e50       ??_C@_0CK@DKGBICFE@?6Allocation?5number?5within?5this?5@ 0000000140018e50     MSVCRTD:error.obj
 0002:00009e88       ??_C@_07DFDJCKFN@?6Size?3?5@ 0000000140018e88     MSVCRTD:error.obj
 0002:00009e98       ??_C@_0N@MHFFIMFG@?6Address?3?50x@ 0000000140018e98     MSVCRTD:error.obj
 0002:00009eb0       ??_C@_0EI@CLEPFNGI@Stack?5area?5around?5_alloca?5memor@ 0000000140018eb0     MSVCRTD:error.obj
 0002:00009f08       ??_C@_0BK@ODNDAGKB@?$CFs?$CFs?$CFp?$CFs?$CFzd?$CFs?$CFd?$CFs?$CFs?$CFs?$CFs?$CFs@ 0000000140018f08     MSVCRTD:error.obj
 0002:00009f28       ??_C@_0DE@OHJBPMBP@A?5variable?5is?5being?5used?5withou@ 0000000140018f28     MSVCRTD:error.obj
 0002:00009f98       ??_C@_0BJ@HEGAHDFO@Stack?5pointer?5corruption@ 0000000140018f98     MSVCRTD:userapi.obj
 0002:00009fb8       ??_C@_0CK@FEGOIOPB@Cast?5to?5smaller?5type?5causing?5lo@ 0000000140018fb8     MSVCRTD:userapi.obj
 0002:00009ff0       ??_C@_0BI@CIGMDCBH@Stack?5memory?5corruption@ 0000000140018ff0     MSVCRTD:userapi.obj
 0002:0000a010       ??_C@_0CK@CNLNOEPB@Local?5variable?5used?5before?5init@ 0000000140019010     MSVCRTD:userapi.obj
 0002:0000a048       ??_C@_0BP@OGBCLIBO@Stack?5around?5_alloca?5corrupted@ 0000000140019048     MSVCRTD:userapi.obj
 0002:0000a0f0       ??_C@_1EI@MLPKHBGE@?$AAa?$AAp?$AAi?$AA?9?$AAm?$AAs?$AA?9?$AAw?$AAi?$AAn?$AA?9?$AAc?$AAo?$AAr?$AAe@ 00000001400190f0     MSVCRTD:pdblkup.obj
 0002:0000a148       ??_C@_1BK@JHLNAEJL@?$AAa?$AAd?$AAv?$AAa?$AAp?$AAi?$AA3?$AA2?$AA?4?$AAd?$AAl?$AAl@ 0000000140019148     MSVCRTD:pdblkup.obj
 0002:0000a168       ??_C@_0O@COHOBMLB@RegOpenKeyExW@ 0000000140019168     MSVCRTD:pdblkup.obj
 0002:0000a178       ??_C@_0BB@GLNAEDBD@RegQueryValueExW@ 0000000140019178     MSVCRTD:pdblkup.obj
 0002:0000a190       ??_C@_0M@HLOHPNFA@RegCloseKey@ 0000000140019190     MSVCRTD:pdblkup.obj
 0002:0000a1a0       ??_C@_1HE@EBEAGLFB@?$AAS?$AAO?$AAF?$AAT?$AAW?$AAA?$AAR?$AAE?$AA?2?$AAW?$AAo?$AAw?$AA6?$AA4?$AA3@ 00000001400191a0     MSVCRTD:pdblkup.obj
 0002:0000a230       ??_C@_1BG@EABPBLLF@?$AAP?$AAr?$AAo?$AAd?$AAu?$AAc?$AAt?$AAD?$AAi?$AAr@ 0000000140019230     MSVCRTD:pdblkup.obj
 0002:0000a278       ??_C@_1BC@JINFINNJ@?$AAM?$AAS?$AAP?$AAD?$AAB?$AA1?$AA4?$AA0@ 0000000140019278     MSVCRTD:pdblkup.obj
 0002:0000a290       ??_C@_0BB@KCIACLNC@PDBOpenValidate5@ 0000000140019290     MSVCRTD:pdblkup.obj
 0002:0000a2a4       ??_C@_01KDCPPGHE@r@        00000001400192a4     MSVCRTD:pdblkup.obj
 0002:0000a2b0       _load_config_used          00000001400192b0     MSVCRTD:loadcfg.obj
 0002:0000a600       __CastGuardVftablesStart   0000000140019600     MSVCRTD:guard_support.obj
 0002:0000a800       __CastGuardVftablesEnd     0000000140019800     MSVCRTD:guard_support.obj
 0002:0000a9a0       _tls_used                  00000001400199a0     MSVCRTD:tlssup.obj
 0002:0000aad0       ??_R4INotifyUI@@6B@        0000000140019ad0     App.obj
 0002:0000ab00       ??_R3INotifyUI@@8          0000000140019b00     App.obj
 0002:0000ab18       ??_R2INotifyUI@@8          0000000140019b18     App.obj
 0002:0000ab28       ??_R1A@?0A@EA@INotifyUI@@8 0000000140019b28     App.obj
 0002:0000ab58       ??_R4IListCallbackUI@@6B@  0000000140019b58     App.obj
 0002:0000ab88       ??_R3IListCallbackUI@@8    0000000140019b88     App.obj
 0002:0000aba0       ??_R2IListCallbackUI@@8    0000000140019ba0     App.obj
 0002:0000abb0       ??_R1A@?0A@EA@IListCallbackUI@@8 0000000140019bb0     App.obj
 0002:0000abe0       ??_R4CStandardPageWnd@@6BCWindowWnd@@@ 0000000140019be0     App.obj
 0002:0000ac10       ??_R3CStandardPageWnd@@8   0000000140019c10     App.obj
 0002:0000ac28       ??_R2CStandardPageWnd@@8   0000000140019c28     App.obj
 0002:0000ac50       ??_R1A@?0A@EA@CStandardPageWnd@@8 0000000140019c50     App.obj
 0002:0000ac80       ??_R1A@?0A@EA@CWindowWnd@@8 0000000140019c80     App.obj
 0002:0000acb0       ??_R3CWindowWnd@@8         0000000140019cb0     App.obj
 0002:0000acc8       ??_R2CWindowWnd@@8         0000000140019cc8     App.obj
 0002:0000acd8       ??_R1CA@?0A@EA@INotifyUI@@8 0000000140019cd8     App.obj
 0002:0000ad08       ??_R4CStandardPageWnd@@6BINotifyUI@@@ 0000000140019d08     App.obj
 0002:0000ad38       ??_R4CStartPageWnd@@6BCWindowWnd@@@ 0000000140019d38     App.obj
 0002:0000ad68       ??_R3CStartPageWnd@@8      0000000140019d68     App.obj
 0002:0000ad80       ??_R2CStartPageWnd@@8      0000000140019d80     App.obj
 0002:0000adb0       ??_R1A@?0A@EA@CStartPageWnd@@8 0000000140019db0     App.obj
 0002:0000ade0       ??_R4CStartPageWnd@@6BINotifyUI@@@ 0000000140019de0     App.obj
 0002:0000ae10       ??_R4CConfigurePageWnd@@6BCWindowWnd@@@ 0000000140019e10     App.obj
 0002:0000ae40       ??_R3CConfigurePageWnd@@8  0000000140019e40     App.obj
 0002:0000ae58       ??_R2CConfigurePageWnd@@8  0000000140019e58     App.obj
 0002:0000ae88       ??_R1A@?0A@EA@CConfigurePageWnd@@8 0000000140019e88     App.obj
 0002:0000aeb8       ??_R4CConfigurePageWnd@@6BINotifyUI@@@ 0000000140019eb8     App.obj
 0002:0000aee8       ??_R4CRegistersPageWnd@@6BCWindowWnd@@@ 0000000140019ee8     App.obj
 0002:0000af18       ??_R3CRegistersPageWnd@@8  0000000140019f18     App.obj
 0002:0000af30       ??_R2CRegistersPageWnd@@8  0000000140019f30     App.obj
 0002:0000af68       ??_R1A@?0A@EA@CRegistersPageWnd@@8 0000000140019f68     App.obj
 0002:0000af98       ??_R1BIA@?0A@EA@IListCallbackUI@@8 0000000140019f98     App.obj
 0002:0000afc8       ??_R4CRegistersPageWnd@@6BINotifyUI@@@ 0000000140019fc8     App.obj
 0002:0000aff8       ??_R4CRegistersPageWnd@@6B@ 0000000140019ff8     App.obj
 0002:0000b028       ??_R4CReportsPageWnd@@6BCWindowWnd@@@ 000000014001a028     App.obj
 0002:0000b058       ??_R3CReportsPageWnd@@8    000000014001a058     App.obj
 0002:0000b070       ??_R2CReportsPageWnd@@8    000000014001a070     App.obj
 0002:0000b0a0       ??_R1A@?0A@EA@CReportsPageWnd@@8 000000014001a0a0     App.obj
 0002:0000b0d0       ??_R4CReportsPageWnd@@6BINotifyUI@@@ 000000014001a0d0     App.obj
 0002:0000b100       ??_R4CSystemsPageWnd@@6BCWindowWnd@@@ 000000014001a100     App.obj
 0002:0000b130       ??_R3CSystemsPageWnd@@8    000000014001a130     App.obj
 0002:0000b148       ??_R2CSystemsPageWnd@@8    000000014001a148     App.obj
 0002:0000b180       ??_R1A@?0A@EA@CSystemsPageWnd@@8 000000014001a180     App.obj
 0002:0000b1b0       ??_R4CSystemsPageWnd@@6BINotifyUI@@@ 000000014001a1b0     App.obj
 0002:0000b1e0       ??_R4CSystemsPageWnd@@6B@  000000014001a1e0     App.obj
 0002:0000b210       ??_R4CSearchPageWnd@@6BCWindowWnd@@@ 000000014001a210     App.obj
 0002:0000b240       ??_R3CSearchPageWnd@@8     000000014001a240     App.obj
 0002:0000b258       ??_R2CSearchPageWnd@@8     000000014001a258     App.obj
 0002:0000b288       ??_R1A@?0A@EA@CSearchPageWnd@@8 000000014001a288     App.obj
 0002:0000b2b8       ??_R4CSearchPageWnd@@6BINotifyUI@@@ 000000014001a2b8     App.obj
 0002:0000b2e8       ??_R4CEditPageWnd@@6BCWindowWnd@@@ 000000014001a2e8     App.obj
 0002:0000b318       ??_R3CEditPageWnd@@8       000000014001a318     App.obj
 0002:0000b330       ??_R2CEditPageWnd@@8       000000014001a330     App.obj
 0002:0000b360       ??_R1A@?0A@EA@CEditPageWnd@@8 000000014001a360     App.obj
 0002:0000b390       ??_R4CEditPageWnd@@6BINotifyUI@@@ 000000014001a390     App.obj
 0002:0000b3c0       ??_R4CFrameWindowWnd@@6BCWindowWnd@@@ 000000014001a3c0     App.obj
 0002:0000b3f0       ??_R3CFrameWindowWnd@@8    000000014001a3f0     App.obj
 0002:0000b408       ??_R2CFrameWindowWnd@@8    000000014001a408     App.obj
 0002:0000b430       ??_R1A@?0A@EA@CFrameWindowWnd@@8 000000014001a430     App.obj
 0002:0000b460       ??_R4CFrameWindowWnd@@6BINotifyUI@@@ 000000014001a460     App.obj
 0002:0000b490       ??_R4CListTextElementUI@@6BCControlUI@@@ 000000014001a490     Views.obj
 0002:0000b4c0       ??_R3CListTextElementUI@@8 000000014001a4c0     Views.obj
 0002:0000b4d8       ??_R2CListTextElementUI@@8 000000014001a4d8     Views.obj
 0002:0000b518       ??_R1A@?0A@EA@CListTextElementUI@@8 000000014001a518     Views.obj
 0002:0000b548       ??_R1A@?0A@EA@CListLabelElementUI@@8 000000014001a548     Views.obj
 0002:0000b578       ??_R3CListLabelElementUI@@8 000000014001a578     Views.obj
 0002:0000b590       ??_R2CListLabelElementUI@@8 000000014001a590     Views.obj
 0002:0000b5c8       ??_R1A@?0A@EA@CListElementUI@@8 000000014001a5c8     Views.obj
 0002:0000b5f8       ??_R3CListElementUI@@8     000000014001a5f8     Views.obj
 0002:0000b610       ??_R2CListElementUI@@8     000000014001a610     Views.obj
 0002:0000b640       ??_R1A@?0A@EA@CControlUI@@8 000000014001a640     Views.obj
 0002:0000b670       ??_R3CControlUI@@8         000000014001a670     Views.obj
 0002:0000b688       ??_R2CControlUI@@8         000000014001a688     Views.obj
 0002:0000b6a0       ??_R1BPA@?0A@EA@IListItemUI@@8 000000014001a6a0     Views.obj
 0002:0000b6d0       ??_R3IListItemUI@@8        000000014001a6d0     Views.obj
 0002:0000b6e8       ??_R2IListItemUI@@8        000000014001a6e8     Views.obj
 0002:0000b6f8       ??_R1A@?0A@EA@IListItemUI@@8 000000014001a6f8     Views.obj
 0002:0000b728       ??_R4CTextPanelUI@@6B@     000000014001a728     Views.obj
 0002:0000b758       ??_R3CTextPanelUI@@8       000000014001a758     Views.obj
 0002:0000b770       ??_R2CTextPanelUI@@8       000000014001a770     Views.obj
 0002:0000b7a0       ??_R1A@?0A@EA@CTextPanelUI@@8 000000014001a7a0     Views.obj
 0002:0000b7d0       ??_R1A@?0A@EA@CLabelPanelUI@@8 000000014001a7d0     Views.obj
 0002:0000b800       ??_R3CLabelPanelUI@@8      000000014001a800     Views.obj
 0002:0000b818       ??_R2CLabelPanelUI@@8      000000014001a818     Views.obj
 0002:0000b840       ??_R4CPopupWnd@@6BCWindowWnd@@@ 000000014001a840     Views.obj
 0002:0000b870       ??_R3CPopupWnd@@8          000000014001a870     Views.obj
 0002:0000b888       ??_R2CPopupWnd@@8          000000014001a888     Views.obj
 0002:0000b8b8       ??_R1A@?0A@EA@CPopupWnd@@8 000000014001a8b8     Views.obj
 0002:0000b8e8       ??_R4CPopupWnd@@6BINotifyUI@@@ 000000014001a8e8     Views.obj
 0002:0000b918       ??_R4type_info@@6B@        000000014001a918     MSVCRTD:std_type_info_static.obj
 0002:0000b948       ??_R3type_info@@8          000000014001a948     MSVCRTD:std_type_info_static.obj
 0002:0000b960       ??_R2type_info@@8          000000014001a960     MSVCRTD:std_type_info_static.obj
 0002:0000b970       ??_R1A@?0A@EA@type_info@@8 000000014001a970     MSVCRTD:std_type_info_static.obj
 0002:0000b9a0       ??_R4exception@std@@6B@    000000014001a9a0     MSVCRTD:throw_bad_alloc.obj
 0002:0000b9d0       ??_R3exception@std@@8      000000014001a9d0     MSVCRTD:throw_bad_alloc.obj
 0002:0000b9e8       ??_R2exception@std@@8      000000014001a9e8     MSVCRTD:throw_bad_alloc.obj
 0002:0000b9f8       ??_R1A@?0A@EA@exception@std@@8 000000014001a9f8     MSVCRTD:throw_bad_alloc.obj
 0002:0000ba28       ??_R4bad_array_new_length@std@@6B@ 000000014001aa28     MSVCRTD:throw_bad_alloc.obj
 0002:0000ba58       ??_R3bad_array_new_length@std@@8 000000014001aa58     MSVCRTD:throw_bad_alloc.obj
 0002:0000ba70       ??_R2bad_array_new_length@std@@8 000000014001aa70     MSVCRTD:throw_bad_alloc.obj
 0002:0000ba98       ??_R1A@?0A@EA@bad_array_new_length@std@@8 000000014001aa98     MSVCRTD:throw_bad_alloc.obj
 0002:0000bac8       ??_R1A@?0A@EA@bad_alloc@std@@8 000000014001aac8     MSVCRTD:throw_bad_alloc.obj
 0002:0000baf8       ??_R3bad_alloc@std@@8      000000014001aaf8     MSVCRTD:throw_bad_alloc.obj
 0002:0000bb10       ??_R2bad_alloc@std@@8      000000014001ab10     MSVCRTD:throw_bad_alloc.obj
 0002:0000bb28       ??_R4bad_alloc@std@@6B@    000000014001ab28     MSVCRTD:throw_bad_alloc.obj
 0002:0000be28       __rtc_iaa                  000000014001ae28     MSVCRTD:initsect.obj
 0002:0000c058       __rtc_izz                  000000014001b058     MSVCRTD:initsect.obj
 0002:0000c168       __rtc_taa                  000000014001b168     MSVCRTD:initsect.obj
 0002:0000c398       __rtc_tzz                  000000014001b398     MSVCRTD:initsect.obj
 0002:0000d398       _TI2?AVbad_alloc@std@@     000000014001c398     MSVCRTD:throw_bad_alloc.obj
 0002:0000d3b8       _CTA2?AVbad_alloc@std@@    000000014001c3b8     MSVCRTD:throw_bad_alloc.obj
 0002:0000d3d0       _CT??_R0?AVbad_alloc@std@@@8??0bad_alloc@std@@QEAA@AEBV01@@Z24 000000014001c3d0     MSVCRTD:throw_bad_alloc.obj
 0002:0000d3f8       _CT??_R0?AVexception@std@@@8??0exception@std@@QEAA@AEBV01@@Z24 000000014001c3f8     MSVCRTD:throw_bad_alloc.obj
 0002:0000d420       _TI3?AVbad_array_new_length@std@@ 000000014001c420     MSVCRTD:throw_bad_alloc.obj
 0002:0000d440       _CTA3?AVbad_array_new_length@std@@ 000000014001c440     MSVCRTD:throw_bad_alloc.obj
 0002:0000d460       _CT??_R0?AVbad_array_new_length@std@@@8??0bad_array_new_length@std@@QEAA@AEBV01@@Z24 000000014001c460     MSVCRTD:throw_bad_alloc.obj
 0003:00000000       __security_cookie          000000014001d000     MSVCRTD:gs_cookie.obj
 0003:00000040       __security_cookie_complement 000000014001d040     MSVCRTD:gs_cookie.obj
 0003:00000058       __scrt_native_dllmain_reason 000000014001d058     MSVCRTD:utility.obj
 0003:0000005c       _Init_global_epoch         000000014001d05c     MSVCRTD:thread_safe_statics.obj
 0003:00000060       _fltused                   000000014001d060     MSVCRTD:fltused.obj
 0003:00000068       ?_RTC_ErrorLevels@@3PAHA   000000014001d068     MSVCRTD:error.obj
 0003:00000080       __isa_inverted             000000014001d080     MSVCRTD:cpu_disp.obj
 0003:00000088       __isa_available            000000014001d088     MSVCRTD:cpu_disp.obj
 0003:0000008c       __isa_enabled              000000014001d08c     MSVCRTD:cpu_disp.obj
 0003:00000090       __memset_fast_string_threshold 000000014001d090     MSVCRTD:cpu_disp.obj
 0003:00000098       __memset_nt_threshold      000000014001d098     MSVCRTD:cpu_disp.obj
 0003:000000a8       __scrt_default_matherr     000000014001d0a8     MSVCRTD:matherr.obj
 0003:000000b0       __scrt_ucrt_dll_is_in_use  000000014001d0b0     MSVCRTD:ucrt_stubs.obj
 0003:000001c0       ??_R0?AVbad_alloc@std@@@8  000000014001d1c0     MSVCRTD:throw_bad_alloc.obj
 0003:000001f0       ??_R0?AVexception@std@@@8  000000014001d1f0     MSVCRTD:throw_bad_alloc.obj
 0003:00000220       ??_R0?AVbad_array_new_length@std@@@8 000000014001d220     MSVCRTD:throw_bad_alloc.obj
 0003:00000360       ??_R0?AVINotifyUI@@@8      000000014001d360     App.obj
 0003:00000388       ??_R0?AVIListCallbackUI@@@8 000000014001d388     App.obj
 0003:000003b8       ??_R0?AVCStandardPageWnd@@@8 000000014001d3b8     App.obj
 0003:000003e8       ??_R0?AVCWindowWnd@@@8     000000014001d3e8     App.obj
 0003:00000410       ??_R0?AVCStartPageWnd@@@8  000000014001d410     App.obj
 0003:00000440       ??_R0?AVCConfigurePageWnd@@@8 000000014001d440     App.obj
 0003:00000470       ??_R0?AVCRegistersPageWnd@@@8 000000014001d470     App.obj
 0003:000004a0       ??_R0?AVCReportsPageWnd@@@8 000000014001d4a0     App.obj
 0003:000004d0       ??_R0?AVCSystemsPageWnd@@@8 000000014001d4d0     App.obj
 0003:00000500       ??_R0?AVCSearchPageWnd@@@8 000000014001d500     App.obj
 0003:00000530       ??_R0?AVCEditPageWnd@@@8   000000014001d530     App.obj
 0003:00000560       ??_R0?AVCFrameWindowWnd@@@8 000000014001d560     App.obj
 0003:00000590       ??_R0?AVCListTextElementUI@@@8 000000014001d590     Views.obj
 0003:000005c8       ??_R0?AVCListLabelElementUI@@@8 000000014001d5c8     Views.obj
 0003:00000600       ??_R0?AVCListElementUI@@@8 000000014001d600     Views.obj
 0003:00000630       ??_R0?AVCControlUI@@@8     000000014001d630     Views.obj
 0003:00000658       ??_R0?AVIListItemUI@@@8    000000014001d658     Views.obj
 0003:00000680       ??_R0?AVCTextPanelUI@@@8   000000014001d680     Views.obj
 0003:000006b0       ??_R0?AVCLabelPanelUI@@@8  000000014001d6b0     Views.obj
 0003:000006e0       ??_R0?AVCPopupWnd@@@8      000000014001d6e0     Views.obj
 0003:00000708       ??_R0?AVtype_info@@@8      000000014001d708     MSVCRTD:std_type_info_static.obj
 0003:00000850       __@@_PchSym_@00@UKltKqtKozKluKooKopKltKqtKrsKlvKooKotKluKpvKoqUwrivxgfrPhixUzkkUgvnkUhgwzucOlyq@4B2008FD98C1DD4 000000014001d850     StdAfx.obj
 0003:00000918       __scrt_current_native_startup_state 000000014001d918     MSVCRTD:utility.obj
 0003:00000920       __scrt_native_startup_lock 000000014001d920     MSVCRTD:utility.obj
 0003:00000984       _tls_index                 000000014001d984     MSVCRTD:tlssup.obj
 0003:00000988       ?_OptionsStorage@?1??__local_stdio_printf_options@@9@4_KA 000000014001d988     MSVCRTD:error.obj
 0003:00001038       __avx10_version            000000014001e038     MSVCRTD:cpu_disp.obj
 0003:0000103c       __favor                    000000014001e03c     MSVCRTD:cpu_disp.obj
 0003:00001044       __scrt_debugger_hook_flag  000000014001e044     MSVCRTD:utility_desktop.obj
 0003:00001048       __castguard_check_failure_user_handled_fptr 000000014001e048     MSVCRTD:guard_support.obj
 0003:00001060       ?__type_info_root_node@@3U__type_info_node@@A 000000014001e060     MSVCRTD:tncleanup.obj
 0003:00001078       ?_OptionsStorage@?1??__local_stdio_scanf_options@@9@4_KA 000000014001e078     MSVCRTD:default_local_stdio_options.obj
 0003:00001098       __dyn_tls_dtor_callback    000000014001e098     <common>
 0003:000010b0       __dyn_tls_init_callback    000000014001e0b0     <common>
 0005:00000000       __imp_LoadLibraryW         0000000140020000     kernel32:KERNEL32.dll
 0005:00000008       __imp_AcquireSRWLockExclusive 0000000140020008     kernel32:KERNEL32.dll
 0005:00000010       __imp_GetProcAddress       0000000140020010     kernel32:KERNEL32.dll
 0005:00000018       __imp_FreeLibrary          0000000140020018     kernel32:KERNEL32.dll
 0005:00000020       __imp_VirtualQuery         0000000140020020     kernel32:KERNEL32.dll
 0005:00000028       __imp_GetProcessHeap       0000000140020028     kernel32:KERNEL32.dll
 0005:00000030       __imp_HeapFree             0000000140020030     kernel32:KERNEL32.dll
 0005:00000038       __imp_HeapAlloc            0000000140020038     kernel32:KERNEL32.dll
 0005:00000040       __imp_GetLastError         0000000140020040     kernel32:KERNEL32.dll
 0005:00000048       __imp_InitializeSListHead  0000000140020048     kernel32:KERNEL32.dll
 0005:00000050       __imp_GetSystemTimeAsFileTime 0000000140020050     kernel32:KERNEL32.dll
 0005:00000058       __imp_GetCurrentThreadId   0000000140020058     kernel32:KERNEL32.dll
 0005:00000060       __imp_GetCurrentProcessId  0000000140020060     kernel32:KERNEL32.dll
 0005:00000068       __imp_QueryPerformanceCounter 0000000140020068     kernel32:KERNEL32.dll
 0005:00000070       __imp_WakeAllConditionVariable 0000000140020070     kernel32:KERNEL32.dll
 0005:00000078       __imp_SleepConditionVariableSRW 0000000140020078     kernel32:KERNEL32.dll
 0005:00000080       __imp_IsDebuggerPresent    0000000140020080     kernel32:KERNEL32.dll
 0005:00000088       __imp_RaiseException       0000000140020088     kernel32:KERNEL32.dll
 0005:00000090       __imp_MultiByteToWideChar  0000000140020090     kernel32:KERNEL32.dll
 0005:00000098       __imp_WideCharToMultiByte  0000000140020098     kernel32:KERNEL32.dll
 0005:000000a0       __imp_RtlCaptureContext    00000001400200a0     kernel32:KERNEL32.dll
 0005:000000a8       __imp_RtlLookupFunctionEntry 00000001400200a8     kernel32:KERNEL32.dll
 0005:000000b0       __imp_RtlVirtualUnwind     00000001400200b0     kernel32:KERNEL32.dll
 0005:000000b8       __imp_UnhandledExceptionFilter 00000001400200b8     kernel32:KERNEL32.dll
 0005:000000c0       __imp_SetUnhandledExceptionFilter 00000001400200c0     kernel32:KERNEL32.dll
 0005:000000c8       __imp_GetCurrentProcess    00000001400200c8     kernel32:KERNEL32.dll
 0005:000000d0       __imp_TerminateProcess     00000001400200d0     kernel32:KERNEL32.dll
 0005:000000d8       __imp_IsProcessorFeaturePresent 00000001400200d8     kernel32:KERNEL32.dll
 0005:000000e0       __imp_GetStartupInfoW      00000001400200e0     kernel32:KERNEL32.dll
 0005:000000e8       __imp_GetModuleHandleW     00000001400200e8     kernel32:KERNEL32.dll
 0005:000000f0       __imp_ReleaseSRWLockExclusive 00000001400200f0     kernel32:KERNEL32.dll
 0005:000000f8       \177KERNEL32_NULL_THUNK_DATA 00000001400200f8     kernel32:KERNEL32.dll
 0005:00000180       __imp_??0CStdString@@QEAA@XZ 0000000140020180     UIlib:UIlib.dll
 0005:00000188       __imp_??BCStdString@@QEBAPEB_WXZ 0000000140020188     UIlib:UIlib.dll
 0005:00000190       __imp_?Format@CStdString@@QEAAHPEB_WZZ 0000000140020190     UIlib:UIlib.dll
 0005:00000198       __imp_??0CAnimJobUI@@QEAA@W4UITYPE_ANIM@@KKKKUtagRECT@@HHHHM@Z 0000000140020198     UIlib:UIlib.dll
 0005:000001a0       __imp_??1CPaintManagerUI@@QEAA@XZ 00000001400201a0     UIlib:UIlib.dll
 0005:000001a8       __imp_?Init@CPaintManagerUI@@QEAAXPEAUHWND__@@@Z 00000001400201a8     UIlib:UIlib.dll
 0005:000001b0       __imp_?SetMinMaxInfo@CPaintManagerUI@@QEAAXHH@Z 00000001400201b0     UIlib:UIlib.dll
 0005:000001b8       __imp_?GetThemeColor@CPaintManagerUI@@QEBAKW4UITYPE_COLOR@@@Z 00000001400201b8     UIlib:UIlib.dll
 0005:000001c0       __imp_?AttachDialog@CPaintManagerUI@@QEAA_NPEAVCControlUI@@@Z 00000001400201c0     UIlib:UIlib.dll
 0005:000001c8       __imp_?AddAnimJob@CPaintManagerUI@@QEAA_NAEBVCAnimJobUI@@@Z 00000001400201c8     UIlib:UIlib.dll
 0005:000001d0       __imp_?FindControl@CPaintManagerUI@@QEAAPEAVCControlUI@@PEB_W@Z 00000001400201d0     UIlib:UIlib.dll
 0005:000001d8       __imp_?MessageHandler@CPaintManagerUI@@QEAA_NI_K_JAEA_J@Z 00000001400201d8     UIlib:UIlib.dll
 0005:000001e0       __imp_?ApplyAttributeList@CControlUI@@QEAAPEAV1@PEB_W@Z 00000001400201e0     UIlib:UIlib.dll
 0005:000001e8       __imp_??0CListTextElementUI@@QEAA@XZ 00000001400201e8     UIlib:UIlib.dll
 0005:000001f0       __imp_??1CListTextElementUI@@UEAA@XZ 00000001400201f0     UIlib:UIlib.dll
 0005:000001f8       __imp_??0CTextPanelUI@@QEAA@XZ 00000001400201f8     UIlib:UIlib.dll
 0005:00000200       __imp_??1CTextPanelUI@@UEAA@XZ 0000000140020200     UIlib:UIlib.dll
 0005:00000208       __imp_?Create@CDialogBuilder@@QEAAPEAVCControlUI@@PEB_WPEAVIDialogBuilderCallback@@@Z 0000000140020208     UIlib:UIlib.dll
 0005:00000210       __imp_??0CDialogBuilder@@QEAA@XZ 0000000140020210     UIlib:UIlib.dll
 0005:00000218       __imp_??1CDialogBuilder@@QEAA@XZ 0000000140020218     UIlib:UIlib.dll
 0005:00000220       __imp_?DoPaint@CTextPanelUI@@UEAAXPEAUHDC__@@AEBUtagRECT@@@Z 0000000140020220     UIlib:UIlib.dll
 0005:00000228       __imp_?EstimateSize@CTextPanelUI@@UEAA?AUtagSIZE@@U2@@Z 0000000140020228     UIlib:UIlib.dll
 0005:00000230       __imp_?GetClass@CTextPanelUI@@UEBAPEB_WXZ 0000000140020230     UIlib:UIlib.dll
 0005:00000238       __imp_?CenterWindow@CWindowWnd@@QEAAXXZ 0000000140020238     UIlib:UIlib.dll
 0005:00000240       __imp_?Event@CTextPanelUI@@UEAAXAEAUtagTEventUI@@@Z 0000000140020240     UIlib:UIlib.dll
 0005:00000248       __imp_?GetControlFlags@CTextPanelUI@@UEBAIXZ 0000000140020248     UIlib:UIlib.dll
 0005:00000250       __imp_?Activate@CTextPanelUI@@UEAA_NXZ 0000000140020250     UIlib:UIlib.dll
 0005:00000258       __imp_?GetInterface@CControlUI@@UEAAPEAXPEB_W@Z 0000000140020258     UIlib:UIlib.dll
 0005:00000260       __imp_?DoPaint@CListTextElementUI@@UEAAXPEAUHDC__@@AEBUtagRECT@@@Z 0000000140020260     UIlib:UIlib.dll
 0005:00000268       __imp_?EstimateSize@CListTextElementUI@@UEAA?AUtagSIZE@@U2@@Z 0000000140020268     UIlib:UIlib.dll
 0005:00000270       __imp_?GetClass@CListTextElementUI@@UEBAPEB_WXZ 0000000140020270     UIlib:UIlib.dll
 0005:00000278       __imp_?SetAttribute@CListLabelElementUI@@UEAAXPEB_W0@Z 0000000140020278     UIlib:UIlib.dll
 0005:00000280       __imp_?Event@CListTextElementUI@@UEAAXAEAUtagTEventUI@@@Z 0000000140020280     UIlib:UIlib.dll
 0005:00000288       __imp_?Init@CControlUI@@UEAAXXZ 0000000140020288     UIlib:UIlib.dll
 0005:00000290       __imp_?GetControlFlags@CListTextElementUI@@UEBAIXZ 0000000140020290     UIlib:UIlib.dll
 0005:00000298       __imp_?SetPos@CControlUI@@UEAAXUtagRECT@@@Z 0000000140020298     UIlib:UIlib.dll
 0005:000002a0       __imp_?SetManager@CControlUI@@UEAAXPEAVCPaintManagerUI@@PEAV1@@Z 00000001400202a0     UIlib:UIlib.dll
 0005:000002a8       __imp_?GetManager@CControlUI@@UEBAPEAVCPaintManagerUI@@XZ 00000001400202a8     UIlib:UIlib.dll
 0005:000002b0       __imp_?FindControl@CControlUI@@UEAAPEAV1@P6APEAV1@PEAV1@PEAX@Z1I@Z 00000001400202b0     UIlib:UIlib.dll
 0005:000002b8       __imp_?SetEnabled@CControlUI@@UEAAX_N@Z 00000001400202b8     UIlib:UIlib.dll
 0005:000002c0       __imp_?SetVisible@CControlUI@@UEAAX_N@Z 00000001400202c0     UIlib:UIlib.dll
 0005:000002c8       __imp_?IsFocused@CControlUI@@UEBA_NXZ 00000001400202c8     UIlib:UIlib.dll
 0005:000002d0       __imp_?IsEnabled@CControlUI@@UEBA_NXZ 00000001400202d0     UIlib:UIlib.dll
 0005:000002d8       __imp_?IsVisible@CControlUI@@UEBA_NXZ 00000001400202d8     UIlib:UIlib.dll
 0005:000002e0       __imp_?SetFocus@CControlUI@@UEAAXXZ 00000001400202e0     UIlib:UIlib.dll
 0005:000002e8       __imp_?SetTag@CControlUI@@UEAAX_K@Z 00000001400202e8     UIlib:UIlib.dll
 0005:000002f0       __imp_?GetTag@CControlUI@@UEBA_KXZ 00000001400202f0     UIlib:UIlib.dll
 0005:000002f8       __imp_?SetShortcut@CControlUI@@UEAAX_W@Z 00000001400202f8     UIlib:UIlib.dll
 0005:00000300       __imp_?GetShortcut@CControlUI@@UEBA_WXZ 0000000140020300     UIlib:UIlib.dll
 0005:00000308       __imp_?SetToolTip@CControlUI@@UEAAXPEB_W@Z 0000000140020308     UIlib:UIlib.dll
 0005:00000310       __imp_?GetToolTip@CControlUI@@UEBA?AVCStdString@@XZ 0000000140020310     UIlib:UIlib.dll
 0005:00000318       __imp_?SetText@CControlUI@@UEAAXPEB_W@Z 0000000140020318     UIlib:UIlib.dll
 0005:00000320       __imp_?GetText@CControlUI@@UEBA?AVCStdString@@XZ 0000000140020320     UIlib:UIlib.dll
 0005:00000328       __imp_?GetParent@CControlUI@@UEBAPEAV1@XZ 0000000140020328     UIlib:UIlib.dll
 0005:00000330       __imp_?Activate@CListElementUI@@UEAA_NXZ 0000000140020330     UIlib:UIlib.dll
 0005:00000338       __imp_?GetInterface@CListElementUI@@UEAAPEAXPEB_W@Z 0000000140020338     UIlib:UIlib.dll
 0005:00000340       __imp_?SetName@CControlUI@@UEAAXPEB_W@Z 0000000140020340     UIlib:UIlib.dll
 0005:00000348       __imp_?Notify@CControlUI@@UEAAXAEAUtagTNotifyUI@@@Z 0000000140020348     UIlib:UIlib.dll
 0005:00000350       __imp_?GetName@CControlUI@@UEBA?AVCStdString@@XZ 0000000140020350     UIlib:UIlib.dll
 0005:00000358       __imp_?SetText@CLabelPanelUI@@UEAAXPEB_W@Z 0000000140020358     UIlib:UIlib.dll
 0005:00000360       __imp_?GetPos@CControlUI@@UEBA?AUtagRECT@@XZ 0000000140020360     UIlib:UIlib.dll
 0005:00000368       __imp_?Close@CWindowWnd@@QEAAXXZ 0000000140020368     UIlib:UIlib.dll
 0005:00000370       __imp_?ShowModal@CWindowWnd@@QEAA_NXZ 0000000140020370     UIlib:UIlib.dll
 0005:00000378       __imp_??0CRect@@QEAA@HHHH@Z 0000000140020378     UIlib:UIlib.dll
 0005:00000380       __imp_?GetSuperClassName@CWindowWnd@@MEBAPEB_WXZ 0000000140020380     UIlib:UIlib.dll
 0005:00000388       __imp_?MessageLoop@CPaintManagerUI@@SAXXZ 0000000140020388     UIlib:UIlib.dll
 0005:00000390       __imp_?AddNotifier@CPaintManagerUI@@QEAA_NPEAVINotifyUI@@@Z 0000000140020390     UIlib:UIlib.dll
 0005:00000398       __imp_?SetResourceInstance@CPaintManagerUI@@SAXPEAUHINSTANCE__@@@Z 0000000140020398     UIlib:UIlib.dll
 0005:000003a0       __imp_??0CPaintManagerUI@@QEAA@XZ 00000001400203a0     UIlib:UIlib.dll
 0005:000003a8       __imp_??8CStdString@@QEBA_NPEB_W@Z 00000001400203a8     UIlib:UIlib.dll
 0005:000003b0       __imp_??1CStdString@@UEAA@XZ 00000001400203b0     UIlib:UIlib.dll
 0005:000003b8       __imp_??0CStdString@@QEAA@PEB_WH@Z 00000001400203b8     UIlib:UIlib.dll
 0005:000003c0       __imp_?HandleMessage@CWindowWnd@@MEAA_JI_K_J@Z 00000001400203c0     UIlib:UIlib.dll
 0005:000003c8       __imp_?PostMessageW@CWindowWnd@@IEAA_JI_K_J@Z 00000001400203c8     UIlib:UIlib.dll
 0005:000003d0       __imp_?SetIcon@CWindowWnd@@QEAAXI@Z 00000001400203d0     UIlib:UIlib.dll
 0005:000003d8       __imp_?Create@CWindowWnd@@QEAAPEAUHWND__@@PEAU2@PEB_WKKHHHHPEAUHMENU__@@@Z 00000001400203d8     UIlib:UIlib.dll
 0005:000003e0       __imp_??0CWindowWnd@@QEAA@XZ 00000001400203e0     UIlib:UIlib.dll
 0005:000003e8       __imp_?ResizeClient@CWindowWnd@@IEAAXHH@Z 00000001400203e8     UIlib:UIlib.dll
 0005:000003f0       __imp_?SetAttribute@CTextPanelUI@@UEAAXPEB_W0@Z 00000001400203f0     UIlib:UIlib.dll
 0005:000003f8       \177UIlib_NULL_THUNK_DATA  00000001400203f8     UIlib:UIlib.dll
 0005:000004c8       __imp_MoveWindow           00000001400204c8     user32:USER32.dll
 0005:000004d0       __imp_SetFocus             00000001400204d0     user32:USER32.dll
 0005:000004d8       __imp_BeginPaint           00000001400204d8     user32:USER32.dll
 0005:000004e0       __imp_EndPaint             00000001400204e0     user32:USER32.dll
 0005:000004e8       __imp_GetClientRect        00000001400204e8     user32:USER32.dll
 0005:000004f0       __imp_MessageBoxW          00000001400204f0     user32:USER32.dll
 0005:000004f8       __imp_PostMessageW         00000001400204f8     user32:USER32.dll
 0005:00000500       __imp_PostQuitMessage      0000000140020500     user32:USER32.dll
 0005:00000508       \177USER32_NULL_THUNK_DATA 0000000140020508     user32:USER32.dll
 0005:00000568       __imp___C_specific_handler 0000000140020568     vcruntimed:VCRUNTIME140D.dll
 0005:00000570       __imp__purecall            0000000140020570     vcruntimed:VCRUNTIME140D.dll
[...]
 0002:0000c930       $unwind$?dtor$0@?0??Notify@CSearchPageWnd@@UEAAXAEAUtagTNotifyUI@@@Z@4HA 000000014001b930     Views.obj
 0002:0000c93c       $unwind$?dtor$1@?0??Notify@CSearchPageWnd@@UEAAXAEAUtagTNotifyUI@@@Z@4HA 000000014001b93c     Views.obj
 0002:0000c948       $unwind$?dtor$2@?0??Notify@CSearchPageWnd@@UEAAXAEAUtagTNotifyUI@@@Z@4HA 000000014001b948     Views.obj
 0002:0000c954       $unwind$?Init@CSearchPageWnd@@UEAAXXZ 000000014001b954     Views.obj
 0002:0000c95c       $unwind$?GetWindowClassName@CEditPageWnd@@UEBAPEB_WXZ 000000014001b95c     Views.obj
 0002:0000c964       $unwind$?GetDialogResource@CEditPageWnd@@UEBAPEB_WXZ 000000014001b964     Views.obj
 0002:0000c96c       $unwind$?Notify@CEditPageWnd@@UEAAXAEAUtagTNotifyUI@@@Z 000000014001b96c     Views.obj
 0002:0000c984       $cppxdata$?Notify@CEditPageWnd@@UEAAXAEAUtagTNotifyUI@@@Z 000000014001b984     Views.obj
 0002:0000c98d       $stateUnwindMap$?Notify@CEditPageWnd@@UEAAXAEAUtagTNotifyUI@@@Z 000000014001b98d     Views.obj
 0002:0000c99d       $ip2state$?Notify@CEditPageWnd@@UEAAXAEAUtagTNotifyUI@@@Z 000000014001b99d     Views.obj
 0002:0000c9b0       $unwind$?dtor$0@?0??Notify@CEditPageWnd@@UEAAXAEAUtagTNotifyUI@@@Z@4HA 000000014001b9b0     Views.obj
 0002:0000c9bc       $unwind$?dtor$1@?0??Notify@CEditPageWnd@@UEAAXAEAUtagTNotifyUI@@@Z@4HA 000000014001b9bc     Views.obj
 0002:0000c9c8       $unwind$?dtor$2@?0??Notify@CEditPageWnd@@UEAAXAEAUtagTNotifyUI@@@Z@4HA 000000014001b9c8     Views.obj
 0002:0000c9d4       $unwind$?OnPrepareAnimation@CEditPageWnd@@UEAAXXZ 000000014001b9d4     Views.obj
 0002:0000c9e8       $unwind$?Init@CEditPageWnd@@UEAAXXZ 000000014001b9e8     Views.obj
 0002:0000c9f0       $unwind$?GetClassStyle@CPopupWnd@@UEBAIXZ 000000014001b9f0     Views.obj
 0002:0000c9f8       $unwind$?GetWindowClassName@CPopupWnd@@UEBAPEB_WXZ 000000014001b9f8     Views.obj
 0002:0000ca00       $unwind$?GetDialogResource@CPopupWnd@@UEBAPEB_WXZ 000000014001ba00     Views.obj
 0002:0000ca08       $unwind$?Notify@CPopupWnd@@UEAAXAEAUtagTNotifyUI@@@Z 000000014001ba08     Views.obj
 0002:0000ca10       $unwind$?Init@CPopupWnd@@UEAAXXZ 000000014001ba10     Views.obj
 0002:0000ca6c       $unwind$??1CStandardPageWnd@@QEAA@XZ 000000014001ba6c     Views.obj
 0002:0000ca74       $unwind$??_GCStandardPageWnd@@QEAAPEAXI@Z 000000014001ba74     Views.obj
 0002:0000ca7c       $unwind$??0CPopupWnd@@QEAA@XZ 000000014001ba7c     Views.obj
 0002:0000ca84       $unwind$??__FsTemp@?1??GetItemText@CRegistersPageWnd@@UEAAPEB_WPEAVCControlUI@@HH@Z@YAXXZ 000000014001ba84     Views.obj
 0002:0000ca8c       $unwind$??2@YAPEAX_K@Z     000000014001ba8c     MSVCRTD:new_scalar.obj
 0002:0000ca94       $unwind$??3@YAXPEAX_K@Z    000000014001ba94     MSVCRTD:delete_scalar_size.obj
 0002:0000ca9c       $unwind$_RTC_CheckStackVars 000000014001ba9c     MSVCRTD:stack.obj
 0002:0000cab0       $chain$0$_RTC_CheckStackVars 000000014001bab0     MSVCRTD:stack.obj
 0002:0000cac8       $chain$1$_RTC_CheckStackVars 000000014001bac8     MSVCRTD:stack.obj
 0002:0000cadc       $unwind$_RTC_CheckStackVars2 000000014001badc     MSVCRTD:stack.obj
 0002:0000caec       $chain$1$_RTC_CheckStackVars2 000000014001baec     MSVCRTD:stack.obj
 0002:0000cb08       $chain$2$_RTC_CheckStackVars2 000000014001bb08     MSVCRTD:stack.obj
 0002:0000cb20       $chain$3$_RTC_CheckStackVars2 000000014001bb20     MSVCRTD:stack.obj
 0002:0000cb38       $chain$4$_RTC_CheckStackVars2 000000014001bb38     MSVCRTD:stack.obj
 0002:0000cb4c       $chain$5$_RTC_CheckStackVars2 000000014001bb4c     MSVCRTD:stack.obj
 0002:0000cb60       $chain$6$_RTC_CheckStackVars2 000000014001bb60     MSVCRTD:stack.obj
 0002:0000cb74       $unwind$_RTC_AllocaHelper  000000014001bb74     MSVCRTD:stack.obj
 0002:0000cb7c       $chain$0$_RTC_AllocaHelper 000000014001bb7c     MSVCRTD:stack.obj
 0002:0000cb94       $chain$1$_RTC_AllocaHelper 000000014001bb94     MSVCRTD:stack.obj
 0002:0000cba8       $unwind$_RTC_Shutdown      000000014001bba8     MSVCRTD:init.obj
 0002:0000cbb0       $unwind$_RTC_InitBase      000000014001bbb0     MSVCRTD:init.obj
 0002:0000cbb8       $unwind$__GSHandlerCheckCommon 000000014001bbb8     MSVCRTD:gshandler.obj
 0002:0000cbc0       $unwind$__GSHandlerCheck   000000014001bbc0     MSVCRTD:gshandler.obj
 0002:0000cbc8       $xdatasym                  000000014001bbc8     MSVCRTD:amdsecgs.obj
 0002:0000cbcc       $unwind$??_Gtype_info@@UEAAPEAXI@Z 000000014001bbcc     MSVCRTD:std_type_info_static.obj
 0002:0000cbd4       $unwind$atexit             000000014001bbd4     MSVCRTD:utility.obj
 0002:0000cbdc       $unwind$_onexit            000000014001bbdc     MSVCRTD:utility.obj
 0002:0000cbe4       $unwind$at_quick_exit      000000014001bbe4     MSVCRTD:utility.obj
 0002:0000cbec       $unwind$__scrt_is_nonwritable_in_current_image 000000014001bbec     MSVCRTD:utility.obj
 0002:0000cc10       $unwind$__scrt_is_nonwritable_in_current_image$filt$0 000000014001bc10     MSVCRTD:utility.obj
 0002:0000cc18       $unwind$__scrt_acquire_startup_lock 000000014001bc18     MSVCRTD:utility.obj
 0002:0000cc20       $unwind$__scrt_release_startup_lock 000000014001bc20     MSVCRTD:utility.obj
 0002:0000cc28       $unwind$__scrt_initialize_crt 000000014001bc28     MSVCRTD:utility.obj
 0002:0000cc30       $unwind$__scrt_uninitialize_crt 000000014001bc30     MSVCRTD:utility.obj
 0002:0000cc38       $unwind$__scrt_initialize_onexit_tables 000000014001bc38     MSVCRTD:utility.obj
 0002:0000cc48       $unwind$__scrt_dllmain_exception_filter 000000014001bc48     MSVCRTD:utility.obj
 0002:0000cc50       $unwind$__scrt_dllmain_before_initialize_c 000000014001bc50     MSVCRTD:utility.obj
 0002:0000cc58       $unwind$__scrt_dllmain_after_initialize_c 000000014001bc58     MSVCRTD:utility.obj
 0002:0000cc60       $unwind$__scrt_dllmain_uninitialize_c 000000014001bc60     MSVCRTD:utility.obj
 0002:0000cc68       $unwind$__scrt_dllmain_uninitialize_critical 000000014001bc68     MSVCRTD:utility.obj
 0002:0000cc70       $unwind$__scrt_dllmain_crt_thread_attach 000000014001bc70     MSVCRTD:utility.obj
 0002:0000cc78       $unwind$__scrt_dllmain_crt_thread_detach 000000014001bc78     MSVCRTD:utility.obj
 0002:0000cc80       $unwind$?configure_argv@__scrt_narrow_argv_policy@@SAHXZ 000000014001bc80     MSVCRTD:utility.obj
 0002:0000cc88       $unwind$?initialize_environment@__scrt_narrow_environment_policy@@SAHXZ 000000014001bc88     MSVCRTD:utility.obj
 0002:0000cc90       $unwind$?is_potentially_valid_image_base@@YA_NQEAX@Z 000000014001bc90     MSVCRTD:utility.obj
 0002:0000cc98       $unwind$?find_pe_section@@YAPEAU_IMAGE_SECTION_HEADER@@QEAE_K@Z 000000014001bc98     MSVCRTD:utility.obj
 0002:0000cca0       $unwind$_Init_thread_header 000000014001bca0     MSVCRTD:thread_safe_statics.obj
 0002:0000cca8       $unwind$_Init_thread_abort 000000014001bca8     MSVCRTD:thread_safe_statics.obj
 0002:0000ccb0       $unwind$_Init_thread_footer 000000014001bcb0     MSVCRTD:thread_safe_statics.obj
 0002:0000ccb8       $unwind$_Init_thread_lock  000000014001bcb8     MSVCRTD:thread_safe_statics.obj
 0002:0000ccc0       $unwind$_Init_thread_unlock 000000014001bcc0     MSVCRTD:thread_safe_statics.obj
 0002:0000ccc8       $unwind$_Init_thread_wait_v2 000000014001bcc8     MSVCRTD:thread_safe_statics.obj
 0002:0000ccd0       $unwind$_Init_thread_notify 000000014001bcd0     MSVCRTD:thread_safe_statics.obj
 0002:0000ccd8       $unwind$__GSHandlerCheck_EH4 000000014001bcd8     MSVCRTD:gshandlereh4.obj
 0002:0000cce0       $unwind$?set_app_type@__scrt_winmain_policy@@SAXXZ 000000014001bce0     MSVCRTD:exe_winmain.obj
 0002:0000cce8       $unwind$?set_fmode@__scrt_file_policy@@SAXXZ 000000014001bce8     MSVCRTD:exe_winmain.obj
 0002:0000ccf0       $unwind$?set_commode@__scrt_file_policy@@SAXXZ 000000014001bcf0     MSVCRTD:exe_winmain.obj
 0002:0000ccf8       $unwind$?invoke_main@@YAHXZ 000000014001bcf8     MSVCRTD:exe_winmain.obj
 0002:0000cd00       $unwind$?pre_c_initialization@@YAHXZ 000000014001bd00     MSVCRTD:exe_winmain.obj
 0002:0000cd08       $unwind$?post_pgo_initialization@@YAHXZ 000000014001bd08     MSVCRTD:exe_winmain.obj
 0002:0000cd10       $unwind$?pre_cpp_initialization@@YAXXZ 000000014001bd10     MSVCRTD:exe_winmain.obj
 0002:0000cd18       $unwind$?__scrt_common_main_seh@@YAHXZ 000000014001bd18     MSVCRTD:exe_winmain.obj
 0002:0000cd3c       $unwind$?filt$0@?0??__scrt_common_main_seh@@YAHXZ@4HA 000000014001bd3c     MSVCRTD:exe_winmain.obj
 0002:0000cd44       $unwind$?__scrt_common_main@@YAHXZ 000000014001bd44     MSVCRTD:exe_winmain.obj
 0002:0000cd4c       $unwind$WinMainCRTStartup  000000014001bd4c     MSVCRTD:exe_winmain.obj
 0002:0000cd54       $unwind$??0exception@std@@QEAA@QEBDH@Z 000000014001bd54     MSVCRTD:throw_bad_alloc.obj
 0002:0000cd5c       $unwind$??0exception@std@@QEAA@AEBV01@@Z 000000014001bd5c     MSVCRTD:throw_bad_alloc.obj
 0002:0000cd64       $unwind$??1exception@std@@UEAA@XZ 000000014001bd64     MSVCRTD:throw_bad_alloc.obj
 0002:0000cd6c       $unwind$?what@exception@std@@UEBAPEBDXZ 000000014001bd6c     MSVCRTD:throw_bad_alloc.obj
 0002:0000cd74       $unwind$??_Gexception@std@@UEAAPEAXI@Z 000000014001bd74     MSVCRTD:throw_bad_alloc.obj
 0002:0000cd7c       $unwind$??0bad_alloc@std@@QEAA@XZ 000000014001bd7c     MSVCRTD:throw_bad_alloc.obj
 0002:0000cd84       $unwind$??0bad_alloc@std@@AEAA@QEBD@Z 000000014001bd84     MSVCRTD:throw_bad_alloc.obj
 0002:0000cd8c       $unwind$??1bad_alloc@std@@UEAA@XZ 000000014001bd8c     MSVCRTD:throw_bad_alloc.obj
 0002:0000cd94       $unwind$??0bad_alloc@std@@QEAA@AEBV01@@Z 000000014001bd94     MSVCRTD:throw_bad_alloc.obj
 0002:0000cd9c       $unwind$??_Gbad_alloc@std@@UEAAPEAXI@Z 000000014001bd9c     MSVCRTD:throw_bad_alloc.obj
 0002:0000cda4       $unwind$??0bad_array_new_length@std@@QEAA@XZ 000000014001bda4     MSVCRTD:throw_bad_alloc.obj
 0002:0000cdac       $unwind$??1bad_array_new_length@std@@UEAA@XZ 000000014001bdac     MSVCRTD:throw_bad_alloc.obj
 0002:0000cdb4       $unwind$??0bad_array_new_length@std@@QEAA@AEBV01@@Z 000000014001bdb4     MSVCRTD:throw_bad_alloc.obj
 0002:0000cdbc       $unwind$??_Gbad_array_new_length@std@@UEAAPEAXI@Z 000000014001bdbc     MSVCRTD:throw_bad_alloc.obj
 0002:0000cdc4       $unwind$?__scrt_throw_std_bad_alloc@@YAXXZ 000000014001bdc4     MSVCRTD:throw_bad_alloc.obj
 0002:0000cdcc       $unwind$?__scrt_throw_std_bad_array_new_length@@YAXXZ 000000014001bdcc     MSVCRTD:throw_bad_alloc.obj
 0002:0000cdd4       $unwind$??3@YAXPEAX@Z      000000014001bdd4     MSVCRTD:delete_scalar.obj
 0002:0000cddc       $unwind$_RTC_UninitUse     000000014001bddc     MSVCRTD:error.obj
 0002:0000cdf8       $unwind$?_RTC_StackFailure@@YAXPEAXPEBD@Z 000000014001bdf8     MSVCRTD:error.obj
 0002:0000ce18       $unwind$?_RTC_AllocaFailure@@YAXPEAXPEAU_RTC_ALLOCA_NODE@@H@Z 000000014001be18     MSVCRTD:error.obj
 0002:0000ce34       $chain$0$?_RTC_AllocaFailure@@YAXPEAXPEAU_RTC_ALLOCA_NODE@@H@Z 000000014001be34     MSVCRTD:error.obj
 0002:0000ce4c       $chain$1$?_RTC_AllocaFailure@@YAXPEAXPEAU_RTC_ALLOCA_NODE@@H@Z 000000014001be4c     MSVCRTD:error.obj
 0002:0000ce60       $unwind$_vsprintf_s_l      000000014001be60     MSVCRTD:error.obj
 0002:0000ce78       $unwind$sprintf_s          000000014001be78     MSVCRTD:error.obj
 0002:0000ce80       $unwind$?notify_debugger@@YAXAEBUtagEXCEPTION_VISUALCPP_DEBUG_INFO@@@Z 000000014001be80     MSVCRTD:error.obj
 0002:0000cea4       $unwind$?filt$0@?0??notify_debugger@@YAXAEBUtagEXCEPTION_VISUALCPP_DEBUG_INFO@@@Z@4HA 000000014001bea4     MSVCRTD:error.obj
 0002:0000ceac       $unwind$?DebuggerProbe@@YA_NK@Z 000000014001beac     MSVCRTD:error.obj
 0002:0000ceb4       $unwind$?DebuggerRuntime@@YA_NKHPEAXPEB_W@Z 000000014001beb4     MSVCRTD:error.obj
 0002:0000cebc       $unwind$?failwithmessage@@YAXPEAXHHPEBD@Z 000000014001bebc     MSVCRTD:error.obj
 0002:0000cee4       $unwind$?_getMemBlockDataString@@YAXPEAD0PEBD_K@Z 000000014001bee4     MSVCRTD:error.obj
 0002:0000cef8       $chain$3$?_getMemBlockDataString@@YAXPEAD0PEBD_K@Z 000000014001bef8     MSVCRTD:error.obj
 0002:0000cf1c       $chain$4$?_getMemBlockDataString@@YAXPEAD0PEBD_K@Z 000000014001bf1c     MSVCRTD:error.obj
 0002:0000cf30       $unwind$__report_securityfailure 000000014001bf30     MSVCRTD:gs_report.obj
 0002:0000cf38       $unwind$__report_securityfailureEx 000000014001bf38     MSVCRTD:gs_report.obj
 0002:0000cf40       $unwind$__report_rangecheckfailure 000000014001bf40     MSVCRTD:gs_report.obj
 0002:0000cf48       $unwind$__report_gsfailure 000000014001bf48     MSVCRTD:gs_report.obj
 0002:0000cf50       $unwind$capture_current_context 000000014001bf50     MSVCRTD:gs_report.obj
 0002:0000cf58       $unwind$capture_previous_context 000000014001bf58     MSVCRTD:gs_report.obj
 0002:0000cf60       $unwind$__raise_securityfailure 000000014001bf60     MSVCRTD:gs_report.obj
 0002:0000cf68       $unwind$__isa_available_init 000000014001bf68     MSVCRTD:cpu_disp.obj
 0002:0000cf7c       $unwind$__scrt_is_ucrt_dll_in_use 000000014001bf7c     MSVCRTD:ucrt_detection.obj
 0002:0000cf84       $unwind$__scrt_get_show_window_mode 000000014001bf84     MSVCRTD:utility_desktop.obj
 0002:0000cf94       $unwind$__scrt_is_managed_app 000000014001bf94     MSVCRTD:utility_desktop.obj
 0002:0000cf9c       $unwind$__scrt_initialize_mta 000000014001bf9c     MSVCRTD:utility_desktop.obj
 0002:0000cfa4       $unwind$__scrt_set_unhandled_exception_filter 000000014001bfa4     MSVCRTD:utility_desktop.obj
 0002:0000cfac       $unwind$__scrt_fastfail    000000014001bfac     MSVCRTD:utility_desktop.obj
 0002:0000cfbc       $unwind$__scrt_unhandled_exception_filter 000000014001bfbc     MSVCRTD:utility_desktop.obj
 0002:0000cfc4       $unwind$ReadNoFence64      000000014001bfc4     MSVCRTD:guard_support.obj
 0002:0000cfcc       $unwind$ReadPointerNoFence 000000014001bfcc     MSVCRTD:guard_support.obj
 0002:0000cfd4       $unwind$__castguard_set_user_handler 000000014001bfd4     MSVCRTD:guard_support.obj
 0002:0000cfdc       $unwind$_guard_icall_checks_enforced 000000014001bfdc     MSVCRTD:guard_support.obj
 0002:0000cfe4       $unwind$__castguard_compat_check 000000014001bfe4     MSVCRTD:guard_support.obj
 0002:0000cfec       $unwind$__castguard_check_failure_os_handled_wrapper 000000014001bfec     MSVCRTD:guard_support.obj
 0002:0000cff4       $unwind$__castguard_check_failure_user_handled_wrapper 000000014001bff4     MSVCRTD:guard_support.obj
 0002:0000cffc       $unwind$__castguard_check_failure_debugbreak 000000014001bffc     MSVCRTD:guard_support.obj
 0002:0000d004       $unwind$__castguard_check_failure_fastfail 000000014001c004     MSVCRTD:guard_support.obj
 0002:0000d00c       $unwind$__castguard_check_failure_os_handled 000000014001c00c     MSVCRTD:guard_support.obj
 0002:0000d014       $unwind$__castguard_check_failure_user_handled 000000014001c014     MSVCRTD:guard_support.obj
 0002:0000d01c       $unwind$__castguard_slow_path_compat_check 000000014001c01c     MSVCRTD:guard_support.obj
 0002:0000d024       $unwind$__castguard_slow_path_check_debugbreak 000000014001c024     MSVCRTD:guard_support.obj
 0002:0000d02c       $unwind$__castguard_slow_path_check_fastfail 000000014001c02c     MSVCRTD:guard_support.obj
 0002:0000d034       $unwind$__castguard_slow_path_check_os_handled 000000014001c034     MSVCRTD:guard_support.obj
 0002:0000d03c       $unwind$__castguard_slow_path_check_user_handled 000000014001c03c     MSVCRTD:guard_support.obj
 0002:0000d044       $unwind$__security_init_cookie 000000014001c044     MSVCRTD:gs_support.obj
 0002:0000d04c       $unwind$__get_entropy      000000014001c04c     MSVCRTD:gs_support.obj
 0002:0000d054       $unwind$?__scrt_initialize_type_info@@YAXXZ 000000014001c054     MSVCRTD:tncleanup.obj
 0002:0000d05c       $unwind$?__scrt_uninitialize_type_info@@YAXXZ 000000014001c05c     MSVCRTD:tncleanup.obj
 0002:0000d064       $unwind$__scrt_initialize_default_local_stdio_options 000000014001c064     MSVCRTD:default_local_stdio_options.obj
 0002:0000d06c       $unwind$__scrt_is_user_matherr_present 000000014001c06c     MSVCRTD:matherr_detection.obj
 0002:0000d074       $unwind$_RTC_Initialize    000000014001c074     MSVCRTD:initsect.obj
 0002:0000d084       $unwind$_RTC_Terminate     000000014001c084     MSVCRTD:initsect.obj
 0002:0000d094       $unwind$?_RTC_GetSrcLine@@YAHPEAEPEA_WKPEAH1K@Z 000000014001c094     MSVCRTD:pdblkup.obj
 0002:0000d0b0       $unwind$?GetPdbDllFromInstallPath@@YAPEAUHINSTANCE__@@XZ 000000014001c0b0     MSVCRTD:pdblkup.obj
 0002:0000d0d8       $unwind$?GetPdbDllPathFromFilePath@@YAHPEB_WPEA_W_K@Z 000000014001c0d8     MSVCRTD:pdblkup.obj
 0002:0000d0f4       $unwind$?GetPdbDll@@YAPEAUHINSTANCE__@@XZ 000000014001c0f4     MSVCRTD:pdblkup.obj
 0002:0000d108       $xdatasym                  000000014001c108     MSVCRTD:guard_dispatch.obj
 0002:0000d110       $xdatasym                  000000014001c110     MSVCRTD:guard_xfg_dispatch.obj
 0003:00000860       ?sTemp@?1??GetItemText@CRegistersPageWnd@@UEAAPEB_WPEAVCControlUI@@HH@Z@4VCStdString@@A 000000014001d860     Views.obj
 0003:0000090c       ?$TSS0@?1??GetItemText@CRegistersPageWnd@@UEAAPEB_WPEAVCControlUI@@HH@Z@4HA 000000014001d90c     Views.obj
 0003:00000910       ?init@?1??_RTC_InitBase@@9@4_NA 000000014001d910     MSVCRTD:init.obj
 0003:00000928       ?is_initialized_as_dll@@3_NA 000000014001d928     MSVCRTD:utility.obj
 0003:00000929       ?module_local_atexit_table_initialized@@3_NA 000000014001d929     MSVCRTD:utility.obj
 0003:00000930       ?module_local_atexit_table@@3U_onexit_table_t@@A 000000014001d930     MSVCRTD:utility.obj
 0003:00000948       ?module_local_at_quick_exit_table@@3U_onexit_table_t@@A 000000014001d948     MSVCRTD:utility.obj
 0003:00000970       ?g_tss_cv@@3U_RTL_CONDITION_VARIABLE@@A 000000014001d970     MSVCRTD:thread_safe_statics.obj
 0003:00000978       ?g_tss_srw@@3U_RTL_SRWLOCK@@A 000000014001d978     MSVCRTD:thread_safe_statics.obj
 0003:00000998       ?_RTC_ErrorReportFunc@@3P6AHHPEBDH00ZZEA 000000014001d998     MSVCRTD:userapi.obj
 0003:000009a0       ?_RTC_ErrorReportFuncW@@3P6AHHPEB_WH00ZZEA 000000014001d9a0     MSVCRTD:userapi.obj
 0003:000009b0       GS_ExceptionRecord         000000014001d9b0     MSVCRTD:gs_report.obj
 0003:00000a50       GS_ContextRecord           000000014001da50     MSVCRTD:gs_report.obj
 0003:00001088       ?mspdb@@3PEAUHINSTANCE__@@EA 000000014001e088     MSVCRTD:pdblkup.obj
 0003:00001091       ?alreadyTried@?1??GetPdbDll@@YAPEAUHINSTANCE__@@XZ@4_NA 000000014001e091     MSVCRTD:pdblkup.obj
 0003:00001092       ?PDBOK@?1??_RTC_GetSrcLine@@YAHPEAEPEA_WKPEAH1K@Z@4_NA 000000014001e092     MSVCRTD:pdblkup.obj
 0005:00001200       .idata$6                   0000000140021200     kernel32:KERNEL32.dll
 0005:00001282       .idata$6                   0000000140021282     user32:USER32.dll
 0005:000012b0       .idata$6                   00000001400212b0     ole32:ole32.dll
 0005:00001fd8       .idata$6                   0000000140021fd8     UIlib:UIlib.dll
 0005:00002126       .idata$6                   0000000140022126     vcruntimed:VCRUNTIME140D.dll
 0005:00002138       .idata$6                   0000000140022138     vcruntimed:VCRUNTIME140_1D.dll
 0005:000023c8       .idata$6                   00000001400223c8     ucrtd:ucrtbased.dll
 0008:000003a0       $R000000                   00000001400253a0     DirectUI.res
 0008:000053e8       $R005048                   000000014002a3e8     DirectUI.res
 0008:00006810       $R006470                   000000014002b810     DirectUI.res
 0008:00007720       $R007380                   000000014002c720     DirectUI.res
 0008:00008a50       $R0086B0                   000000014002da50     DirectUI.res
 0008:00008d38       $R008998                   000000014002dd38     DirectUI.res
 0008:00008e60       $R008AC0                   000000014002de60     DirectUI.res
 0008:00008e88       $R008AE8                   000000014002de88     DirectUI.res
